###############################################################################
#
# IAR ELF Linker V8.50.6.265/W32 for ARM                  08/Dec/2020  00:06:16
# Copyright 2007-2020 IAR Systems AB.
#
#    Output file  =
#        C:\Users\itama\Desktop\Laboratorio di Misure a
#        Microcontrollore\Esercizi\Esercizio Interrput 01\Debug\Exe\Esercizio
#        10.out
#    Map file     =
#        C:\Users\itama\Desktop\Laboratorio di Misure a
#        Microcontrollore\Esercizi\Esercizio Interrput 01\Debug\List\Esercizio
#        10.map
#    Command line =
#        -f C:\Users\itama\AppData\Local\Temp\EW16D1.tmp
#        ("C:\Users\itama\Desktop\Laboratorio di Misure a
#        Microcontrollore\Esercizi\Esercizio Interrput 01\Debug\Obj\main.o"
#        "C:\Users\itama\Desktop\Laboratorio di Misure a
#        Microcontrollore\Esercizi\Esercizio Interrput
#        01\Debug\Obj\startup_stm32f30x.o" "C:\Users\itama\Desktop\Laboratorio
#        di Misure a Microcontrollore\Esercizi\Esercizio Interrput
#        01\Debug\Obj\system_stm32f30x.o" --no_out_extension -o
#        "C:\Users\itama\Desktop\Laboratorio di Misure a
#        Microcontrollore\Esercizi\Esercizio Interrput 01\Debug\Exe\Esercizio
#        10.out" --map "C:\Users\itama\Desktop\Laboratorio di Misure a
#        Microcontrollore\Esercizi\Esercizio Interrput 01\Debug\List\Esercizio
#        10.map" --config "C:\Program Files (x86)\IAR Systems\Embedded
#        Workbench 8.4\arm\config\linker\ST\stm32f303xC.icf" --semihosting
#        --entry __iar_program_start --vfe --text_out locale)
#
###############################################################################

*******************************************************************************
*** RUNTIME MODEL ATTRIBUTES
***

CppFlavor       = *
__SystemLibrary = DLib
__dlib_version  = 6


*******************************************************************************
*** HEAP SELECTION
***

The basic heap was selected because some modules are built with
size limitations (and not runtime checking), and --advanced_heap
was not specified.


*******************************************************************************
*** PLACEMENT SUMMARY
***

"A0":  place at address 0x800'0000 { ro section .intvec };
"P1":  place in [from 0x800'0000 to 0x803'ffff] { ro };
define block CSTACK with size = 8K, alignment = 8 { };
define block HEAP with size = 8K, alignment = 8 { };
"P2":  place in [from 0x2000'0000 to 0x2000'9fff] {
          rw, block CSTACK, block HEAP };

No sections matched the following patterns:

  section .ccmram  in "P3"


  Section          Kind         Address    Size  Object
  -------          ----         -------    ----  ------
"A0":                                     0x188
  .intvec          ro code   0x800'0000   0x188  startup_stm32f30x.o [1]
                           - 0x800'0188   0x188

"P1":                                     0x3dc
  .text            ro code   0x800'0188   0x128  system_stm32f30x.o [1]
  .text            ro code   0x800'02b0    0x8c  main.o [1]
  .text            ro code   0x800'033c    0x3a  zero_init3.o [4]
  .text            ro code   0x800'0378    0x28  data_init.o [4]
  .text            ro code   0x800'03a0    0x22  fpinit_M.o [3]
  .iar.init_table  const     0x800'03c4    0x10  - Linker created -
  .text            ro code   0x800'03d4    0x1e  cmain.o [4]
  .text            ro code   0x800'03f2     0x4  low_level_init.o [2]
  .text            ro code   0x800'03f6     0x4  exit.o [2]
  .text            ro code   0x800'03fc     0xa  cexit.o [4]
  .text            ro code   0x800'0408    0x14  exit.o [5]
  .text            ro code   0x800'041c    0x10  startup_stm32f30x.o [1]
  .text            ro code   0x800'042c     0xc  cstartup_M.o [4]
  .text            ro code   0x800'0438     0x4  startup_stm32f30x.o [1]
  .text            ro code   0x800'043c     0x4  startup_stm32f30x.o [1]
  .text            ro code   0x800'0440     0x4  startup_stm32f30x.o [1]
  .text            ro code   0x800'0444     0x4  startup_stm32f30x.o [1]
  .text            ro code   0x800'0448     0x4  startup_stm32f30x.o [1]
  .text            ro code   0x800'044c     0x4  startup_stm32f30x.o [1]
  .text            ro code   0x800'0450     0x4  startup_stm32f30x.o [1]
  .text            ro code   0x800'0454     0x4  startup_stm32f30x.o [1]
  .text            ro code   0x800'0458     0x4  startup_stm32f30x.o [1]
  .text            ro code   0x800'045c     0x4  startup_stm32f30x.o [1]
  .text            ro code   0x800'0460     0x4  startup_stm32f30x.o [1]
  .text            ro code   0x800'0464     0x4  startup_stm32f30x.o [1]
  .text            ro code   0x800'0468     0x4  startup_stm32f30x.o [1]
  .text            ro code   0x800'046c     0x4  startup_stm32f30x.o [1]
  .text            ro code   0x800'0470     0x4  startup_stm32f30x.o [1]
  .text            ro code   0x800'0474     0x4  startup_stm32f30x.o [1]
  .text            ro code   0x800'0478     0x4  startup_stm32f30x.o [1]
  .text            ro code   0x800'047c     0x4  startup_stm32f30x.o [1]
  .text            ro code   0x800'0480     0x4  startup_stm32f30x.o [1]
  .text            ro code   0x800'0484     0x4  startup_stm32f30x.o [1]
  .text            ro code   0x800'0488     0x4  startup_stm32f30x.o [1]
  .text            ro code   0x800'048c     0x4  startup_stm32f30x.o [1]
  .text            ro code   0x800'0490     0x4  startup_stm32f30x.o [1]
  .text            ro code   0x800'0494     0x4  startup_stm32f30x.o [1]
  .text            ro code   0x800'0498     0x4  startup_stm32f30x.o [1]
  .text            ro code   0x800'049c     0x4  startup_stm32f30x.o [1]
  .text            ro code   0x800'04a0     0x4  startup_stm32f30x.o [1]
  .text            ro code   0x800'04a4     0x4  startup_stm32f30x.o [1]
  .text            ro code   0x800'04a8     0x4  startup_stm32f30x.o [1]
  .text            ro code   0x800'04ac     0x4  startup_stm32f30x.o [1]
  .text            ro code   0x800'04b0     0x4  startup_stm32f30x.o [1]
  .text            ro code   0x800'04b4     0x4  startup_stm32f30x.o [1]
  .text            ro code   0x800'04b8     0x4  startup_stm32f30x.o [1]
  .text            ro code   0x800'04bc     0x4  startup_stm32f30x.o [1]
  .text            ro code   0x800'04c0     0x4  startup_stm32f30x.o [1]
  .text            ro code   0x800'04c4     0x4  startup_stm32f30x.o [1]
  .text            ro code   0x800'04c8     0x4  startup_stm32f30x.o [1]
  .text            ro code   0x800'04cc     0x4  startup_stm32f30x.o [1]
  .text            ro code   0x800'04d0     0x4  startup_stm32f30x.o [1]
  .text            ro code   0x800'04d4     0x4  startup_stm32f30x.o [1]
  .text            ro code   0x800'04d8     0x4  startup_stm32f30x.o [1]
  .text            ro code   0x800'04dc     0x4  startup_stm32f30x.o [1]
  .text            ro code   0x800'04e0     0x4  startup_stm32f30x.o [1]
  .text            ro code   0x800'04e4     0x4  startup_stm32f30x.o [1]
  .text            ro code   0x800'04e8     0x4  startup_stm32f30x.o [1]
  .text            ro code   0x800'04ec     0x4  startup_stm32f30x.o [1]
  .text            ro code   0x800'04f0     0x4  startup_stm32f30x.o [1]
  .text            ro code   0x800'04f4     0x4  startup_stm32f30x.o [1]
  .text            ro code   0x800'04f8     0x4  startup_stm32f30x.o [1]
  .text            ro code   0x800'04fc     0x4  startup_stm32f30x.o [1]
  .text            ro code   0x800'0500     0x4  startup_stm32f30x.o [1]
  .text            ro code   0x800'0504     0x4  startup_stm32f30x.o [1]
  .text            ro code   0x800'0508     0x4  startup_stm32f30x.o [1]
  .text            ro code   0x800'050c     0x4  startup_stm32f30x.o [1]
  .text            ro code   0x800'0510     0x4  startup_stm32f30x.o [1]
  .text            ro code   0x800'0514     0x4  startup_stm32f30x.o [1]
  .text            ro code   0x800'0518     0x4  startup_stm32f30x.o [1]
  .text            ro code   0x800'051c     0x4  startup_stm32f30x.o [1]
  .text            ro code   0x800'0520     0x4  startup_stm32f30x.o [1]
  .text            ro code   0x800'0524     0x4  startup_stm32f30x.o [1]
  .text            ro code   0x800'0528     0x4  startup_stm32f30x.o [1]
  .text            ro code   0x800'052c     0x4  startup_stm32f30x.o [1]
  .text            ro code   0x800'0530     0x4  startup_stm32f30x.o [1]
  .text            ro code   0x800'0534     0x4  startup_stm32f30x.o [1]
  .text            ro code   0x800'0538     0x4  startup_stm32f30x.o [1]
  .text            ro code   0x800'053c     0x4  startup_stm32f30x.o [1]
  .text            ro code   0x800'0540     0x4  startup_stm32f30x.o [1]
  .text            ro code   0x800'0544     0x4  startup_stm32f30x.o [1]
  .text            ro code   0x800'0548     0x4  startup_stm32f30x.o [1]
  .text            ro code   0x800'054c     0x4  startup_stm32f30x.o [1]
  .text            ro code   0x800'0550     0x4  startup_stm32f30x.o [1]
  .text            ro code   0x800'0554     0x4  startup_stm32f30x.o [1]
  .text            ro code   0x800'0558     0x4  startup_stm32f30x.o [1]
  .text            ro code   0x800'055c     0x4  startup_stm32f30x.o [1]
  .text            ro code   0x800'0560     0x4  startup_stm32f30x.o [1]
  .rodata          const     0x800'0564     0x0  zero_init3.o [4]
                           - 0x800'0564   0x3dc

"P2", part 1 of 2:                          0x4
  .bss             zero     0x2000'0000     0x4  main.o [1]
                          - 0x2000'0004     0x4

"P2", part 2 of 2:                       0x2000
  CSTACK                    0x2000'0008  0x2000  <Block>
    CSTACK         uninit   0x2000'0008  0x2000  <Block tail>
                          - 0x2000'2008  0x2000

Unused ranges:

         From           To      Size
         ----           --      ----
   0x800'0564   0x803'ffff  0x3'fa9c
  0x2000'0004  0x2000'0007       0x4
  0x2000'2008  0x2000'9fff    0x7ff8


*******************************************************************************
*** INIT TABLE
***

          Address      Size
          -------      ----
Zero (__iar_zero_init3)
    1 destination range, total size 0x4:
          0x2000'0000   0x4



*******************************************************************************
*** MODULE SUMMARY
***

    Module               ro code  ro data  rw data
    ------               -------  -------  -------
command line/config:
    ----------------------------------------------
    Total:

C:\Users\itama\Desktop\Laboratorio di Misure a Microcontrollore\Esercizi\Esercizio Interrput 01\Debug\Obj: [1]
    main.o                   140                 4
    startup_stm32f30x.o      708
    system_stm32f30x.o       296
    ----------------------------------------------
    Total:                 1'144                 4

dl7M_tlf.a: [2]
    exit.o                     4
    low_level_init.o           4
    ----------------------------------------------
    Total:                     8

m7M_tls.a: [3]
    fpinit_M.o                34
    ----------------------------------------------
    Total:                    34

rt7M_tl.a: [4]
    cexit.o                   10
    cmain.o                   30
    cstartup_M.o              12
    data_init.o               40
    zero_init3.o              58
    ----------------------------------------------
    Total:                   150

shb_l.a: [5]
    exit.o                    20
    ----------------------------------------------
    Total:                    20

    Gaps                       6        2
    Linker created                     16    8'192
--------------------------------------------------
    Grand Total:           1'362       18    8'196


*******************************************************************************
*** ENTRY LIST
***

Entry                       Address  Size  Type      Object
-----                       -------  ----  ----      ------
.iar.init_table$$Base    0x800'03c4         --   Gb  - Linker created -
.iar.init_table$$Limit   0x800'03d4         --   Gb  - Linker created -
?main                    0x800'03d5        Code  Gb  cmain.o [4]
CSTACK$$Base            0x2000'0008         --   Gb  - Linker created -
CSTACK$$Limit           0x2000'2008         --   Gb  - Linker created -
EXTI2_TS_IRQHandler      0x800'02fd  0x16  Code  Gb  main.o [1]
Region$$Table$$Base      0x800'03c4         --   Gb  - Linker created -
Region$$Table$$Limit     0x800'03d4         --   Gb  - Linker created -
SetSysClock              0x800'01e9  0x9a  Code  Lc  system_stm32f30x.o [1]
SystemInit               0x800'0189  0x60  Code  Gb  system_stm32f30x.o [1]
__cmain                  0x800'03d5        Code  Gb  cmain.o [4]
__exit                   0x800'0409  0x14  Code  Gb  exit.o [5]
__iar_data_init3         0x800'0379  0x28  Code  Gb  data_init.o [4]
__iar_init_vfp           0x800'03a1        Code  Gb  fpinit_M.o [3]
__iar_program_start      0x800'042d        Code  Gb  cstartup_M.o [4]
__iar_zero_init3         0x800'033d  0x3a  Code  Gb  zero_init3.o [4]
__low_level_init         0x800'03f3   0x4  Code  Gb  low_level_init.o [2]
__vector_table           0x800'0000        Data  Gb  startup_stm32f30x.o [1]
_call_main               0x800'03e1        Code  Gb  cmain.o [4]
_exit                    0x800'03fd        Code  Gb  cexit.o [4]
_main                    0x800'03ef        Code  Gb  cmain.o [4]
exit                     0x800'03f7   0x4  Code  Gb  exit.o [2]
main                     0x800'02b1  0x4c  Code  Gb  main.o [1]
punt                    0x2000'0000   0x4  Data  Gb  main.o [1]


[1] = C:\Users\itama\Desktop\Laboratorio di Misure a Microcontrollore\Esercizi\Esercizio Interrput 01\Debug\Obj
[2] = dl7M_tlf.a
[3] = m7M_tls.a
[4] = rt7M_tl.a
[5] = shb_l.a

  1'362 bytes of readonly  code memory
     18 bytes of readonly  data memory
  8'196 bytes of readwrite data memory

Errors: none
Warnings: none
