###############################################################################
#
# IAR ELF Linker V8.50.6.265/W32 for ARM                  16/Dec/2020  00:11:42
# Copyright 2007-2020 IAR Systems AB.
#
#    Output file  =
#        C:\Users\itama\Desktop\Laboratorio di Misure a
#        Microcontrollore\Esercizi\Esercizio Contatore 01\Debug\Exe\Esercizio
#        14.out
#    Map file     =
#        C:\Users\itama\Desktop\Laboratorio di Misure a
#        Microcontrollore\Esercizi\Esercizio Contatore 01\Debug\List\Esercizio
#        14.map
#    Command line =
#        -f C:\Users\itama\AppData\Local\Temp\EW5805.tmp
#        ("C:\Users\itama\Desktop\Laboratorio di Misure a
#        Microcontrollore\Esercizi\Esercizio Contatore 01\Debug\Obj\main.o"
#        "C:\Users\itama\Desktop\Laboratorio di Misure a
#        Microcontrollore\Esercizi\Esercizio Contatore
#        01\Debug\Obj\startup_stm32f30x.o" "C:\Users\itama\Desktop\Laboratorio
#        di Misure a Microcontrollore\Esercizi\Esercizio Contatore
#        01\Debug\Obj\system_stm32f30x.o" --no_out_extension -o
#        "C:\Users\itama\Desktop\Laboratorio di Misure a
#        Microcontrollore\Esercizi\Esercizio Contatore 01\Debug\Exe\Esercizio
#        14.out" --map "C:\Users\itama\Desktop\Laboratorio di Misure a
#        Microcontrollore\Esercizi\Esercizio Contatore 01\Debug\List\Esercizio
#        14.map" --config "C:\Program Files (x86)\IAR Systems\Embedded
#        Workbench 8.4\arm\config\linker\ST\stm32f303xC.icf" --semihosting
#        --entry __iar_program_start --vfe --text_out locale)
#
###############################################################################

*******************************************************************************
*** RUNTIME MODEL ATTRIBUTES
***

CppFlavor       = *
__SystemLibrary = DLib
__dlib_version  = 6


*******************************************************************************
*** HEAP SELECTION
***

The basic heap was selected because some modules are built with
size limitations (and not runtime checking), and --advanced_heap
was not specified.


*******************************************************************************
*** PLACEMENT SUMMARY
***

"A0":  place at address 0x800'0000 { ro section .intvec };
"P1":  place in [from 0x800'0000 to 0x803'ffff] { ro };
define block CSTACK with size = 8K, alignment = 8 { };
define block HEAP with size = 8K, alignment = 8 { };
"P2":  place in [from 0x2000'0000 to 0x2000'9fff] {
          rw, block CSTACK, block HEAP };

No sections matched the following patterns:

  section .ccmram  in "P3"


  Section          Kind         Address    Size  Object
  -------          ----         -------    ----  ------
"A0":                                     0x188
  .intvec          ro code   0x800'0000   0x188  startup_stm32f30x.o [1]
                           - 0x800'0188   0x188

"P1":                                     0x39c
  .text            ro code   0x800'0188   0x118  system_stm32f30x.o [1]
  .text            ro code   0x800'02a0    0x80  main.o [1]
  .text            ro code   0x800'0320    0x3a  zero_init3.o [3]
  .text            ro code   0x800'035c    0x28  data_init.o [3]
  .iar.init_table  const     0x800'0384    0x10  - Linker created -
  .text            ro code   0x800'0394    0x1e  cmain.o [3]
  .text            ro code   0x800'03b2     0x4  low_level_init.o [2]
  .text            ro code   0x800'03b6     0x4  exit.o [2]
  .text            ro code   0x800'03bc     0xa  cexit.o [3]
  .text            ro code   0x800'03c8    0x14  exit.o [4]
  .text            ro code   0x800'03dc    0x10  startup_stm32f30x.o [1]
  .text            ro code   0x800'03ec     0xc  cstartup_M.o [3]
  .text            ro code   0x800'03f8     0x4  startup_stm32f30x.o [1]
  .text            ro code   0x800'03fc     0x4  startup_stm32f30x.o [1]
  .text            ro code   0x800'0400     0x4  startup_stm32f30x.o [1]
  .text            ro code   0x800'0404     0x4  startup_stm32f30x.o [1]
  .text            ro code   0x800'0408     0x4  startup_stm32f30x.o [1]
  .text            ro code   0x800'040c     0x4  startup_stm32f30x.o [1]
  .text            ro code   0x800'0410     0x4  startup_stm32f30x.o [1]
  .text            ro code   0x800'0414     0x4  startup_stm32f30x.o [1]
  .text            ro code   0x800'0418     0x4  startup_stm32f30x.o [1]
  .text            ro code   0x800'041c     0x4  startup_stm32f30x.o [1]
  .text            ro code   0x800'0420     0x4  startup_stm32f30x.o [1]
  .text            ro code   0x800'0424     0x4  startup_stm32f30x.o [1]
  .text            ro code   0x800'0428     0x4  startup_stm32f30x.o [1]
  .text            ro code   0x800'042c     0x4  startup_stm32f30x.o [1]
  .text            ro code   0x800'0430     0x4  startup_stm32f30x.o [1]
  .text            ro code   0x800'0434     0x4  startup_stm32f30x.o [1]
  .text            ro code   0x800'0438     0x4  startup_stm32f30x.o [1]
  .text            ro code   0x800'043c     0x4  startup_stm32f30x.o [1]
  .text            ro code   0x800'0440     0x4  startup_stm32f30x.o [1]
  .text            ro code   0x800'0444     0x4  startup_stm32f30x.o [1]
  .text            ro code   0x800'0448     0x4  startup_stm32f30x.o [1]
  .text            ro code   0x800'044c     0x4  startup_stm32f30x.o [1]
  .text            ro code   0x800'0450     0x4  startup_stm32f30x.o [1]
  .text            ro code   0x800'0454     0x4  startup_stm32f30x.o [1]
  .text            ro code   0x800'0458     0x4  startup_stm32f30x.o [1]
  .text            ro code   0x800'045c     0x4  startup_stm32f30x.o [1]
  .text            ro code   0x800'0460     0x4  startup_stm32f30x.o [1]
  .text            ro code   0x800'0464     0x4  startup_stm32f30x.o [1]
  .text            ro code   0x800'0468     0x4  startup_stm32f30x.o [1]
  .text            ro code   0x800'046c     0x4  startup_stm32f30x.o [1]
  .text            ro code   0x800'0470     0x4  startup_stm32f30x.o [1]
  .text            ro code   0x800'0474     0x4  startup_stm32f30x.o [1]
  .text            ro code   0x800'0478     0x4  startup_stm32f30x.o [1]
  .text            ro code   0x800'047c     0x4  startup_stm32f30x.o [1]
  .text            ro code   0x800'0480     0x4  startup_stm32f30x.o [1]
  .text            ro code   0x800'0484     0x4  startup_stm32f30x.o [1]
  .text            ro code   0x800'0488     0x4  startup_stm32f30x.o [1]
  .text            ro code   0x800'048c     0x4  startup_stm32f30x.o [1]
  .text            ro code   0x800'0490     0x4  startup_stm32f30x.o [1]
  .text            ro code   0x800'0494     0x4  startup_stm32f30x.o [1]
  .text            ro code   0x800'0498     0x4  startup_stm32f30x.o [1]
  .text            ro code   0x800'049c     0x4  startup_stm32f30x.o [1]
  .text            ro code   0x800'04a0     0x4  startup_stm32f30x.o [1]
  .text            ro code   0x800'04a4     0x4  startup_stm32f30x.o [1]
  .text            ro code   0x800'04a8     0x4  startup_stm32f30x.o [1]
  .text            ro code   0x800'04ac     0x4  startup_stm32f30x.o [1]
  .text            ro code   0x800'04b0     0x4  startup_stm32f30x.o [1]
  .text            ro code   0x800'04b4     0x4  startup_stm32f30x.o [1]
  .text            ro code   0x800'04b8     0x4  startup_stm32f30x.o [1]
  .text            ro code   0x800'04bc     0x4  startup_stm32f30x.o [1]
  .text            ro code   0x800'04c0     0x4  startup_stm32f30x.o [1]
  .text            ro code   0x800'04c4     0x4  startup_stm32f30x.o [1]
  .text            ro code   0x800'04c8     0x4  startup_stm32f30x.o [1]
  .text            ro code   0x800'04cc     0x4  startup_stm32f30x.o [1]
  .text            ro code   0x800'04d0     0x4  startup_stm32f30x.o [1]
  .text            ro code   0x800'04d4     0x4  startup_stm32f30x.o [1]
  .text            ro code   0x800'04d8     0x4  startup_stm32f30x.o [1]
  .text            ro code   0x800'04dc     0x4  startup_stm32f30x.o [1]
  .text            ro code   0x800'04e0     0x4  startup_stm32f30x.o [1]
  .text            ro code   0x800'04e4     0x4  startup_stm32f30x.o [1]
  .text            ro code   0x800'04e8     0x4  startup_stm32f30x.o [1]
  .text            ro code   0x800'04ec     0x4  startup_stm32f30x.o [1]
  .text            ro code   0x800'04f0     0x4  startup_stm32f30x.o [1]
  .text            ro code   0x800'04f4     0x4  startup_stm32f30x.o [1]
  .text            ro code   0x800'04f8     0x4  startup_stm32f30x.o [1]
  .text            ro code   0x800'04fc     0x4  startup_stm32f30x.o [1]
  .text            ro code   0x800'0500     0x4  startup_stm32f30x.o [1]
  .text            ro code   0x800'0504     0x4  startup_stm32f30x.o [1]
  .text            ro code   0x800'0508     0x4  startup_stm32f30x.o [1]
  .text            ro code   0x800'050c     0x4  startup_stm32f30x.o [1]
  .text            ro code   0x800'0510     0x4  startup_stm32f30x.o [1]
  .text            ro code   0x800'0514     0x4  startup_stm32f30x.o [1]
  .text            ro code   0x800'0518     0x4  startup_stm32f30x.o [1]
  .text            ro code   0x800'051c     0x4  startup_stm32f30x.o [1]
  .text            ro code   0x800'0520     0x4  startup_stm32f30x.o [1]
  .rodata          const     0x800'0524     0x0  zero_init3.o [3]
                           - 0x800'0524   0x39c

"P2", part 1 of 2:                          0x4
  .bss             zero     0x2000'0000     0x4  main.o [1]
                          - 0x2000'0004     0x4

"P2", part 2 of 2:                       0x2000
  CSTACK                    0x2000'0008  0x2000  <Block>
    CSTACK         uninit   0x2000'0008  0x2000  <Block tail>
                          - 0x2000'2008  0x2000

Unused ranges:

         From           To      Size
         ----           --      ----
   0x800'0524   0x803'ffff  0x3'fadc
  0x2000'0004  0x2000'0007       0x4
  0x2000'2008  0x2000'9fff    0x7ff8


*******************************************************************************
*** INIT TABLE
***

          Address      Size
          -------      ----
Zero (__iar_zero_init3)
    1 destination range, total size 0x4:
          0x2000'0000   0x4



*******************************************************************************
*** MODULE SUMMARY
***

    Module               ro code  ro data  rw data
    ------               -------  -------  -------
command line/config:
    ----------------------------------------------
    Total:

C:\Users\itama\Desktop\Laboratorio di Misure a Microcontrollore\Esercizi\Esercizio Contatore 01\Debug\Obj: [1]
    main.o                   128                 4
    startup_stm32f30x.o      708
    system_stm32f30x.o       280
    ----------------------------------------------
    Total:                 1'116                 4

dl7M_tlf.a: [2]
    exit.o                     4
    low_level_init.o           4
    ----------------------------------------------
    Total:                     8

rt7M_tl.a: [3]
    cexit.o                   10
    cmain.o                   30
    cstartup_M.o              12
    data_init.o               40
    zero_init3.o              58
    ----------------------------------------------
    Total:                   150

shb_l.a: [4]
    exit.o                    20
    ----------------------------------------------
    Total:                    20

    Gaps                       6
    Linker created                     16    8'192
--------------------------------------------------
    Grand Total:           1'300       16    8'196


*******************************************************************************
*** ENTRY LIST
***

Entry                       Address  Size  Type      Object
-----                       -------  ----  ----      ------
.iar.init_table$$Base    0x800'0384         --   Gb  - Linker created -
.iar.init_table$$Limit   0x800'0394         --   Gb  - Linker created -
?main                    0x800'0395        Code  Gb  cmain.o [3]
CSTACK$$Base            0x2000'0008         --   Gb  - Linker created -
CSTACK$$Limit           0x2000'2008         --   Gb  - Linker created -
EXTI0_IRQHandler         0x800'02d5  0x26  Code  Gb  main.o [1]
Region$$Table$$Base      0x800'0384         --   Gb  - Linker created -
Region$$Table$$Limit     0x800'0394         --   Gb  - Linker created -
SetSysClock              0x800'01df  0x9a  Code  Lc  system_stm32f30x.o [1]
SystemInit               0x800'0189  0x56  Code  Gb  system_stm32f30x.o [1]
__cmain                  0x800'0395        Code  Gb  cmain.o [3]
__exit                   0x800'03c9  0x14  Code  Gb  exit.o [4]
__iar_data_init3         0x800'035d  0x28  Code  Gb  data_init.o [3]
__iar_program_start      0x800'03ed        Code  Gb  cstartup_M.o [3]
__iar_zero_init3         0x800'0321  0x3a  Code  Gb  zero_init3.o [3]
__low_level_init         0x800'03b3   0x4  Code  Gb  low_level_init.o [2]
__vector_table           0x800'0000        Data  Gb  startup_stm32f30x.o [1]
_call_main               0x800'03a1        Code  Gb  cmain.o [3]
_exit                    0x800'03bd        Code  Gb  cexit.o [3]
_main                    0x800'03af        Code  Gb  cmain.o [3]
exit                     0x800'03b7   0x4  Code  Gb  exit.o [2]
i                       0x2000'0000   0x4  Data  Gb  main.o [1]
main                     0x800'02a1  0x34  Code  Gb  main.o [1]


[1] = C:\Users\itama\Desktop\Laboratorio di Misure a Microcontrollore\Esercizi\Esercizio Contatore 01\Debug\Obj
[2] = dl7M_tlf.a
[3] = rt7M_tl.a
[4] = shb_l.a

  1'300 bytes of readonly  code memory
     16 bytes of readonly  data memory
  8'196 bytes of readwrite data memory

Errors: none
Warnings: none
