###############################################################################
#
# IAR ELF Linker V8.50.6.265/W32 for ARM                  15/Dec/2020  23:56:07
# Copyright 2007-2020 IAR Systems AB.
#
#    Output file  =
#        C:\Users\itama\Desktop\Laboratorio di Misure a
#        Microcontrollore\Esercizi\Esercizio Interrupt 04\Debug\Exe\Esercizio
#        13.out
#    Map file     =
#        C:\Users\itama\Desktop\Laboratorio di Misure a
#        Microcontrollore\Esercizi\Esercizio Interrupt 04\Debug\List\Esercizio
#        13.map
#    Command line =
#        -f C:\Users\itama\AppData\Local\Temp\EW183A.tmp
#        ("C:\Users\itama\Desktop\Laboratorio di Misure a
#        Microcontrollore\Esercizi\Esercizio Interrupt 04\Debug\Obj\main.o"
#        "C:\Users\itama\Desktop\Laboratorio di Misure a
#        Microcontrollore\Esercizi\Esercizio Interrupt
#        04\Debug\Obj\startup_stm32f30x.o" "C:\Users\itama\Desktop\Laboratorio
#        di Misure a Microcontrollore\Esercizi\Esercizio Interrupt
#        04\Debug\Obj\system_stm32f30x.o" --no_out_extension -o
#        "C:\Users\itama\Desktop\Laboratorio di Misure a
#        Microcontrollore\Esercizi\Esercizio Interrupt 04\Debug\Exe\Esercizio
#        13.out" --map "C:\Users\itama\Desktop\Laboratorio di Misure a
#        Microcontrollore\Esercizi\Esercizio Interrupt 04\Debug\List\Esercizio
#        13.map" --config "C:\Program Files (x86)\IAR Systems\Embedded
#        Workbench 8.4\arm\config\linker\ST\stm32f303xC.icf" --semihosting
#        --entry __iar_program_start --vfe --text_out locale)
#
###############################################################################

*******************************************************************************
*** RUNTIME MODEL ATTRIBUTES
***

CppFlavor       = *
__Heap_Handler  = Basic
__SystemLibrary = DLib
__dlib_version  = 6


*******************************************************************************
*** HEAP SELECTION
***

The basic heap was selected because some modules are built with
size limitations (and not runtime checking), and --advanced_heap
was not specified.


*******************************************************************************
*** PLACEMENT SUMMARY
***

"A0":  place at address 0x800'0000 { ro section .intvec };
"P1":  place in [from 0x800'0000 to 0x803'ffff] { ro };
define block CSTACK with size = 8K, alignment = 8 { };
define block HEAP with size = 8K, alignment = 8 { };
"P2":  place in [from 0x2000'0000 to 0x2000'9fff] {
          rw, block CSTACK, block HEAP };
initialize by copy { rw };

No sections matched the following patterns:

  section .ccmram  in "P3"


  Section            Kind         Address    Size  Object
  -------            ----         -------    ----  ------
"A0":                                       0x188
  .intvec            ro code   0x800'0000   0x188  startup_stm32f30x.o [1]
                             - 0x800'0188   0x188

"P1":                                      0x3149
  .text              ro code   0x800'0188   0xdb2  xprintflarge_nomb.o [2]
  .text              ro code   0x800'0f3a    0x3a  zero_init3.o [4]
  .text              ro code   0x800'0f74    0x16  strchr.o [4]
  .rodata            const     0x800'0f8a     0x2  xlocale_c.o [2]
  .text              ro code   0x800'0f8c    0x40  xfail_s.o [2]
  .text              ro code   0x800'0fcc    0x36  strlen.o [4]
  .rodata            const     0x800'1002     0x1  xlocale_c.o [2]
  .text              ro code   0x800'1004    0x58  memchr.o [4]
  .text              ro code   0x800'105c    0xa6  ABImemcpy.o [4]
  .text              ro code   0x800'1104    0x70  frexp.o [3]
  .text              ro code   0x800'1174   0x246  DblDiv.o [3]
  .text              ro code   0x800'13bc    0x28  DblToU32.o [3]
  .text              ro code   0x800'13e4    0x1a  U32ToDbl.o [3]
  .text              ro code   0x800'1400    0xe2  DblSub.o [3]
  .text              ro code   0x800'14e4   0x1a2  DblMul.o [3]
  .text              ro code   0x800'1688     0x8  xlocale_c.o [2]
  .text              ro code   0x800'1690   0x230  I64DivMod.o [4]
  .text              ro code   0x800'18c0     0x6  abort.o [2]
  .text              ro code   0x800'18c8   0x17a  DblAdd.o [3]
  .text              ro code   0x800'1a44     0x2  I64DivZer.o [4]
  .text              ro code   0x800'1a48    0x14  exit.o [5]
  .text              ro code   0x800'1a5c    0x7c  iarttio.o [5]
  .text              ro code   0x800'1ad8    0x3c  XShttio.o [2]
  .text              ro code   0x800'1b14   0x614  main.o [1]
  .text              ro code   0x800'2128    0x22  S32ToDbl.o [3]
  .text              ro code   0x800'214c    0x12  math_wrappers64.o [3]
  .text              ro code   0x800'2160    0x28  printf.o [2]
  .text              ro code   0x800'2188    0x3a  DblToS32.o [3]
  .text              ro code   0x800'21c4    0x48  FltToDbl.o [3]
  .text              ro code   0x800'220c   0x102  sqrt.o [3]
  .text              ro code   0x800'2310   0x424  cos_sin64.o [3]
  .text              ro code   0x800'2734    0x2e  DblCmpLe.o [3]
  .text              ro code   0x800'2764   0x13c  heap0.o [2]
  .text              ro code   0x800'28a0    0x2c  xgetmemchunk.o [2]
  .text              ro code   0x800'28cc   0x128  system_stm32f30x.o [1]
  .text              ro code   0x800'29f4    0xd8  xfspos.o [2]
  .text              ro code   0x800'2acc    0xac  fflush.o [2]
  .text              ro code   0x800'2b78     0xc  xfgpos.o [2]
  .text              ro code   0x800'2b84    0x4a  lseek.o [5]
  .text              ro code   0x800'2bce    0x10  write.o [5]
  .text              ro code   0x800'2be0    0xcc  XShHandles.o [2]
  .text              ro code   0x800'2cac    0x1e  dwrite.o [5]
  .text              ro code   0x800'2cca    0x20  iarwstd.o [5]
  .text              ro code   0x800'2cea    0x22  iarwrite.o [5]
  .text              ro code   0x800'2d0c    0xb4  xfwprep.o [2]
  .text              ro code   0x800'2dc0    0x24  fseek.o [2]
  .text              ro code   0x800'2de4    0x9c  xfofind.o [2]
  .text              ro code   0x800'2e80     0x4  heaptramp0.o [2]
  .text              ro code   0x800'2e84    0x7e  fclose.o [2]
  .text              ro code   0x800'2f02    0x18  close.o [5]
  .text              ro code   0x800'2f1a    0x14  remove.o [5]
  .text              ro code   0x800'2f2e    0x78  lz77_init_single.o [4]
  .text              ro code   0x800'2fa6    0x54  fputc.o [2]
  .text              ro code   0x800'2ffc    0x3c  xcloseall.o [2]
  .text              ro code   0x800'3038    0x28  data_init.o [4]
  .text              ro code   0x800'3060    0x22  fpinit_M.o [3]
  .iar.init_table    const     0x800'3084    0x20  - Linker created -
  .text              ro code   0x800'30a4    0x1e  cmain.o [4]
  .text              ro code   0x800'30c2     0x4  low_level_init.o [2]
  .text              ro code   0x800'30c6     0x4  exit.o [2]
  .text              ro code   0x800'30cc     0xe  cexit.o [4]
  .text              ro code   0x800'30da    0x16  xprout.o [2]
  .text              ro code   0x800'30f0     0xc  putchar.o [2]
  .rodata            const     0x800'30fc    0x10  main.o [1]
  .text              ro code   0x800'310c    0x10  startup_stm32f30x.o [1]
  .rodata            const     0x800'311c     0xc  main.o [1]
  .text              ro code   0x800'3128     0xc  cstartup_M.o [4]
  .rodata            const     0x800'3134     0x8  main.o [1]
  .text              ro code   0x800'313c     0x4  startup_stm32f30x.o [1]
  .text              ro code   0x800'3140     0x4  startup_stm32f30x.o [1]
  .text              ro code   0x800'3144     0x4  startup_stm32f30x.o [1]
  .text              ro code   0x800'3148     0x4  startup_stm32f30x.o [1]
  .text              ro code   0x800'314c     0x4  startup_stm32f30x.o [1]
  .text              ro code   0x800'3150     0x4  startup_stm32f30x.o [1]
  .text              ro code   0x800'3154     0x4  startup_stm32f30x.o [1]
  .text              ro code   0x800'3158     0x4  startup_stm32f30x.o [1]
  .text              ro code   0x800'315c     0x4  startup_stm32f30x.o [1]
  .text              ro code   0x800'3160     0x4  startup_stm32f30x.o [1]
  .text              ro code   0x800'3164     0x4  startup_stm32f30x.o [1]
  .text              ro code   0x800'3168     0x4  startup_stm32f30x.o [1]
  .text              ro code   0x800'316c     0x4  startup_stm32f30x.o [1]
  .text              ro code   0x800'3170     0x4  startup_stm32f30x.o [1]
  .text              ro code   0x800'3174     0x4  startup_stm32f30x.o [1]
  .text              ro code   0x800'3178     0x4  startup_stm32f30x.o [1]
  .text              ro code   0x800'317c     0x4  startup_stm32f30x.o [1]
  .text              ro code   0x800'3180     0x4  startup_stm32f30x.o [1]
  .text              ro code   0x800'3184     0x4  startup_stm32f30x.o [1]
  .text              ro code   0x800'3188     0x4  startup_stm32f30x.o [1]
  .text              ro code   0x800'318c     0x4  startup_stm32f30x.o [1]
  .text              ro code   0x800'3190     0x4  startup_stm32f30x.o [1]
  .text              ro code   0x800'3194     0x4  startup_stm32f30x.o [1]
  .text              ro code   0x800'3198     0x4  startup_stm32f30x.o [1]
  .text              ro code   0x800'319c     0x4  startup_stm32f30x.o [1]
  .text              ro code   0x800'31a0     0x4  startup_stm32f30x.o [1]
  .text              ro code   0x800'31a4     0x4  startup_stm32f30x.o [1]
  .text              ro code   0x800'31a8     0x4  startup_stm32f30x.o [1]
  .text              ro code   0x800'31ac     0x4  startup_stm32f30x.o [1]
  .text              ro code   0x800'31b0     0x4  startup_stm32f30x.o [1]
  .text              ro code   0x800'31b4     0x4  startup_stm32f30x.o [1]
  .text              ro code   0x800'31b8     0x4  startup_stm32f30x.o [1]
  .text              ro code   0x800'31bc     0x4  startup_stm32f30x.o [1]
  .text              ro code   0x800'31c0     0x4  startup_stm32f30x.o [1]
  .text              ro code   0x800'31c4     0x4  startup_stm32f30x.o [1]
  .text              ro code   0x800'31c8     0x4  startup_stm32f30x.o [1]
  .text              ro code   0x800'31cc     0x4  startup_stm32f30x.o [1]
  .text              ro code   0x800'31d0     0x4  startup_stm32f30x.o [1]
  .text              ro code   0x800'31d4     0x4  startup_stm32f30x.o [1]
  .text              ro code   0x800'31d8     0x4  startup_stm32f30x.o [1]
  .text              ro code   0x800'31dc     0x4  startup_stm32f30x.o [1]
  .text              ro code   0x800'31e0     0x4  startup_stm32f30x.o [1]
  .text              ro code   0x800'31e4     0x4  startup_stm32f30x.o [1]
  .text              ro code   0x800'31e8     0x4  startup_stm32f30x.o [1]
  .text              ro code   0x800'31ec     0x4  startup_stm32f30x.o [1]
  .text              ro code   0x800'31f0     0x4  startup_stm32f30x.o [1]
  .text              ro code   0x800'31f4     0x4  startup_stm32f30x.o [1]
  .text              ro code   0x800'31f8     0x4  startup_stm32f30x.o [1]
  .text              ro code   0x800'31fc     0x4  startup_stm32f30x.o [1]
  .text              ro code   0x800'3200     0x4  startup_stm32f30x.o [1]
  .text              ro code   0x800'3204     0x4  startup_stm32f30x.o [1]
  .text              ro code   0x800'3208     0x4  startup_stm32f30x.o [1]
  .text              ro code   0x800'320c     0x4  startup_stm32f30x.o [1]
  .text              ro code   0x800'3210     0x4  startup_stm32f30x.o [1]
  .text              ro code   0x800'3214     0x4  startup_stm32f30x.o [1]
  .text              ro code   0x800'3218     0x4  startup_stm32f30x.o [1]
  .text              ro code   0x800'321c     0x4  startup_stm32f30x.o [1]
  .text              ro code   0x800'3220     0x4  startup_stm32f30x.o [1]
  .text              ro code   0x800'3224     0x4  startup_stm32f30x.o [1]
  .text              ro code   0x800'3228     0x4  startup_stm32f30x.o [1]
  .text              ro code   0x800'322c     0x4  startup_stm32f30x.o [1]
  .text              ro code   0x800'3230     0x4  startup_stm32f30x.o [1]
  .text              ro code   0x800'3234     0x4  startup_stm32f30x.o [1]
  .text              ro code   0x800'3238     0x4  startup_stm32f30x.o [1]
  .text              ro code   0x800'323c     0x4  startup_stm32f30x.o [1]
  .text              ro code   0x800'3240     0x4  startup_stm32f30x.o [1]
  .text              ro code   0x800'3244     0x4  startup_stm32f30x.o [1]
  .text              ro code   0x800'3248     0x4  startup_stm32f30x.o [1]
  .text              ro code   0x800'324c     0x4  startup_stm32f30x.o [1]
  .text              ro code   0x800'3250     0x4  startup_stm32f30x.o [1]
  .text              ro code   0x800'3254     0x4  startup_stm32f30x.o [1]
  .text              ro code   0x800'3258     0x4  startup_stm32f30x.o [1]
  .text              ro code   0x800'325c     0x4  startup_stm32f30x.o [1]
  .text              ro code   0x800'3260     0x4  startup_stm32f30x.o [1]
  .text              ro code   0x800'3264     0x4  startup_stm32f30x.o [1]
  .text              ro code   0x800'3268     0x0  cstart_closeall.o [4]
  .rodata            const     0x800'3268     0x0  zero_init3.o [4]
  .rodata            const     0x800'3268     0x0  lz77_init_single.o [4]
  Initializer bytes  const     0x800'3268    0x69  <for P2-1>
                             - 0x800'32d1  0x3149

"P2", part 1 of 3:                          0x138
  P2-1                        0x2000'0000   0x138  <Init block>
    .data            inited   0x2000'0000    0x48  xfiles.o [2]
    .data            inited   0x2000'0048    0x48  xfiles.o [2]
    .data            inited   0x2000'0090    0x48  xfiles.o [2]
    .data            inited   0x2000'00d8    0x20  xfiles.o [2]
    .data            inited   0x2000'00f8    0x38  xlocale_c.o [2]
    .data            inited   0x2000'0130     0x8  XShttio.o [2]
                            - 0x2000'0138   0x138

"P2", part 2 of 3:                          0xe18
  .bss               zero     0x2000'0138   0xa6c  main.o [1]
  .bss               zero     0x2000'0ba4   0x258  main.o [1]
  .bss               zero     0x2000'0dfc    0x80  XShHandles.o [2]
  .bss               zero     0x2000'0e7c    0x50  xfiles.o [2]
  .bss               zero     0x2000'0ecc    0x50  xfiles.o [2]
  .bss               zero     0x2000'0f1c     0x8  heap0.o [2]
  .bss               zero     0x2000'0f24     0x4  main.o [1]
  .bss               zero     0x2000'0f28     0x4  main.o [1]
  .bss               zero     0x2000'0f2c     0x4  main.o [1]
  .bss               zero     0x2000'0f30     0x4  main.o [1]
  .bss               zero     0x2000'0f34     0x4  main.o [1]
  .bss               zero     0x2000'0f38     0x4  main.o [1]
  .bss               zero     0x2000'0f3c     0x4  main.o [1]
  .bss               zero     0x2000'0f40     0x4  main.o [1]
  .bss               zero     0x2000'0f44     0x4  xgetmemchunk.o [2]
  .bss               zero     0x2000'0f48     0x4  xfail_s.o [2]
  .bss               zero     0x2000'0f4c     0x1  XShttio.o [2]
                            - 0x2000'0f4d   0xe15

"P2", part 3 of 3:                         0x4000
  CSTACK                      0x2000'0f50  0x2000  <Block>
    CSTACK           uninit   0x2000'0f50  0x2000  <Block tail>
  HEAP                        0x2000'2f50  0x2000  <Block>
    HEAP             uninit   0x2000'2f50  0x2000  <Block tail>
                            - 0x2000'4f50  0x4000

Unused ranges:

         From           To      Size
         ----           --      ----
   0x800'32d1   0x803'ffff  0x3'cd2f
  0x2000'4f50  0x2000'9fff    0x50b0


*******************************************************************************
*** INIT TABLE
***

          Address      Size
          -------      ----
Zero (__iar_zero_init3)
    1 destination range, total size 0xe15:
          0x2000'0138  0xe15

Copy/lz77 (__iar_lz77_init_single3)
    1 source range, total size 0x69 (33% of destination):
           0x800'3268   0x69
    1 destination range, total size 0x138:
          0x2000'0000  0x138



*******************************************************************************
*** MODULE SUMMARY
***

    Module               ro code  ro data  rw data
    ------               -------  -------  -------
command line/config:
    ----------------------------------------------
    Total:

C:\Users\itama\Desktop\Laboratorio di Misure a Microcontrollore\Esercizi\Esercizio Interrupt 04\Debug\Obj: [1]
    main.o                 1'556       36    3'300
    startup_stm32f30x.o      708
    system_stm32f30x.o       296
    ----------------------------------------------
    Total:                 2'560       36    3'300

dl7M_tlf.a: [2]
    XShHandles.o             204               128
    XShttio.o                 60        3        9
    abort.o                    6
    exit.o                     4
    fclose.o                 126
    fflush.o                 172
    fputc.o                   84
    fseek.o                   36
    heap0.o                  316                 8
    heaptramp0.o               4
    low_level_init.o           4
    printf.o                  40
    putchar.o                 12
    xcloseall.o               60
    xfail_s.o                 64                 4
    xfgpos.o                  12
    xfiles.o                           83      408
    xfofind.o                156
    xfspos.o                 216
    xfwprep.o                180
    xgetmemchunk.o            44                 4
    xlocale_c.o                8       22       56
    xprintflarge_nomb.o    3'506
    xprout.o                  22
    ----------------------------------------------
    Total:                 5'336      108      617

m7M_tls.a: [3]
    DblAdd.o                 378
    DblCmpLe.o                46
    DblDiv.o                 582
    DblMul.o                 418
    DblSub.o                 226
    DblToS32.o                58
    DblToU32.o                40
    FltToDbl.o                72
    S32ToDbl.o                34
    U32ToDbl.o                26
    cos_sin64.o            1'060
    fpinit_M.o                34
    frexp.o                  112
    math_wrappers64.o         18
    sqrt.o                   258
    ----------------------------------------------
    Total:                 3'362

rt7M_tl.a: [4]
    ABImemcpy.o              166
    I64DivMod.o              560
    I64DivZer.o                2
    cexit.o                   14
    cmain.o                   30
    cstart_closeall.o
    cstartup_M.o              12
    data_init.o               40
    lz77_init_single.o       120
    memchr.o                  88
    strchr.o                  22
    strlen.o                  54
    zero_init3.o              58
    ----------------------------------------------
    Total:                 1'166

shb_l.a: [5]
    close.o                   24
    dwrite.o                  30
    exit.o                    20
    iarttio.o                124
    iarwrite.o                34
    iarwstd.o                 32
    lseek.o                   74
    remove.o                  20
    write.o                   16
    ----------------------------------------------
    Total:                   374

    Gaps                      33        2
    Linker created                     32   16'384
--------------------------------------------------
    Grand Total:          12'831      178   20'301


*******************************************************************************
*** ENTRY LIST
***

Entry                       Address   Size  Type      Object
-----                       -------   ----  ----      ------
.iar.init_table$$Base    0x800'3084          --   Gb  - Linker created -
.iar.init_table$$Limit   0x800'30a4          --   Gb  - Linker created -
?main                    0x800'30a5         Code  Gb  cmain.o [4]
Aldata                  0x2000'0f1c    0x8  Data  Lc  heap0.o [2]
CSTACK$$Base            0x2000'0f50          --   Gb  - Linker created -
CSTACK$$Limit           0x2000'2f50          --   Gb  - Linker created -
DMA1_Channel1_IRQHandler
                         0x800'1ef9  0x142  Code  Gb  main.o [1]
EXTI0_IRQHandler         0x800'1df7  0x100  Code  Gb  main.o [1]
HEAP$$Base              0x2000'2f50          --   Gb  - Linker created -
HEAP$$Limit             0x2000'4f50          --   Gb  - Linker created -
NARR2                   0x2000'0f2c    0x4  Data  Gb  main.o [1]
Region$$Table$$Base      0x800'3084          --   Gb  - Linker created -
Region$$Table$$Limit     0x800'30a4          --   Gb  - Linker created -
SetSysClock              0x800'292d   0x9a  Code  Lc  system_stm32f30x.o [1]
SystemInit               0x800'28cd   0x60  Code  Gb  system_stm32f30x.o [1]
_Close_all               0x800'2ffd   0x3c  Code  Gb  xcloseall.o [2]
_Files                  0x2000'00d8   0x20  Data  Gb  xfiles.o [2]
_Fofree                  0x800'2de5   0x96  Code  Gb  xfofind.o [2]
_Fspos                   0x800'29f5   0xd8  Code  Gb  xfspos.o [2]
_Fwprep                  0x800'2d0d   0xb4  Code  Gb  xfwprep.o [2]
_LitobLargeNoMb          0x800'0d0f  0x10a  Code  Lc  xprintflarge_nomb.o [2]
_Locale_lconv           0x2000'00f8   0x38  Data  Lc  xlocale_c.o [2]
_Nnl                     0x800'2b79    0xc  Code  Gb  xfgpos.o [2]
_PrintfLargeNoMb         0x800'0189  0xb80  Code  Gb  xprintflarge_nomb.o [2]
_Prout                   0x800'30db   0x16  Code  Gb  xprout.o [2]
_PutcharLargeNoMb        0x800'0e81   0x20  Code  Lc  xprintflarge_nomb.o [2]
_PutcharsLargeNoMb       0x800'0ea1   0x2e  Code  Lc  xprintflarge_nomb.o [2]
__aeabi_cdcmple          0x800'2735         Code  Gb  DblCmpLe.o [3]
__aeabi_d2iz             0x800'2189         Code  Gb  DblToS32.o [3]
__aeabi_d2uiz            0x800'13bd         Code  Gb  DblToU32.o [3]
__aeabi_dadd             0x800'18c9         Code  Gb  DblAdd.o [3]
__aeabi_ddiv             0x800'1175         Code  Gb  DblDiv.o [3]
__aeabi_dmul             0x800'14e5         Code  Gb  DblMul.o [3]
__aeabi_dsub             0x800'1401         Code  Gb  DblSub.o [3]
__aeabi_f2d              0x800'21c5         Code  Gb  FltToDbl.o [3]
__aeabi_i2d              0x800'2129         Code  Gb  S32ToDbl.o [3]
__aeabi_ldiv0            0x800'1a45         Code  Gb  I64DivZer.o [4]
__aeabi_memcpy           0x800'105d         Code  Gb  ABImemcpy.o [4]
__aeabi_memcpy4          0x800'107d         Code  Gb  ABImemcpy.o [4]
__aeabi_memcpy8          0x800'107d         Code  Gb  ABImemcpy.o [4]
__aeabi_ui2d             0x800'13e5         Code  Gb  U32ToDbl.o [3]
__aeabi_uldivmod         0x800'1691         Code  Gb  I64DivMod.o [4]
__basic_free             0x800'2811   0x16  Code  Gb  heap0.o [2]
__basic_free_intern      0x800'2827   0x74  Code  Lc  heap0.o [2]
__basic_malloc           0x800'2765   0x18  Code  Gb  heap0.o [2]
__basic_malloc_intern    0x800'277d   0x94  Code  Lc  heap0.o [2]
__cexit_closeall         0x800'30cf         Code  Gb  cexit.o [4]
__close                  0x800'2f03   0x18  Code  Gb  close.o [5]
__cmain                  0x800'30a5         Code  Gb  cmain.o [4]
__cstart_closeall        0x800'3268         Data  Gb  cstart_closeall.o [4]
__data_GetMemChunk       0x800'28a1   0x2c  Code  Gb  xgetmemchunk.o [2]
__data_GetMemChunk::start
                        0x2000'0f44    0x4  Data  Lc  xgetmemchunk.o [2]
__dwrite                 0x800'2cad   0x1e  Code  Gb  dwrite.o [5]
__exit                   0x800'1a49   0x14  Code  Gb  exit.o [5]
__iar_Fail_s             0x800'0f8d   0x1c  Code  Gb  xfail_s.o [2]
__iar_Memchr             0x800'1005         Code  Gb  memchr.o [4]
__iar_Sin64              0x800'2311  0x38e  Code  Lc  cos_sin64.o [3]
__iar_Stderr            0x2000'0090   0x48  Data  Gb  xfiles.o [2]
__iar_Stdin             0x2000'0000   0x48  Data  Gb  xfiles.o [2]
__iar_Stdout            0x2000'0048   0x48  Data  Gb  xfiles.o [2]
__iar_Strchr             0x800'0f75         Code  Gb  strchr.o [4]
__iar_close_ttio         0x800'1a5d   0x2c  Code  Gb  iarttio.o [5]
__iar_dadd               0x800'1411         Code  Gb  DblSub.o [3]
__iar_data_init3         0x800'3039   0x28  Code  Gb  data_init.o [4]
__iar_dsub               0x800'18d9         Code  Gb  DblAdd.o [3]
__iar_dsubStart          0x800'18eb         Code  Gb  DblAdd.o [3]
__iar_frexp              0x800'1111         Code  Gb  frexp.o [3]
__iar_frexpl             0x800'1111         Code  Gb  frexp.o [3]
__iar_get_ttio           0x800'1a89   0x4c  Code  Gb  iarttio.o [5]
__iar_init_vfp           0x800'3061         Code  Gb  fpinit_M.o [3]
__iar_lookup_ttioh       0x800'1b07    0x4  Code  Gb  XShttio.o [2]
__iar_lz77_init_single3
                         0x800'2f2f   0x78  Code  Gb  lz77_init_single.o [4]
__iar_program_start      0x800'3129         Code  Gb  cstartup_M.o [4]
__iar_sh_Discard         0x800'2be1   0x42  Code  Gb  XShHandles.o [2]
__iar_sh_Move            0x800'2c23   0x46  Code  Gb  XShHandles.o [2]
__iar_sh_Pos             0x800'2c69   0x3e  Code  Gb  XShHandles.o [2]
__iar_sh_stdout          0x800'2ccb   0x20  Code  Gb  iarwstd.o [5]
__iar_sh_write           0x800'2ceb   0x22  Code  Gb  iarwrite.o [5]
__iar_sin64              0x800'2731    0x4  Code  Gb  cos_sin64.o [3]
__iar_sin_medium         0x800'2731    0x4  Code  Gb  cos_sin64.o [3]
__iar_sin_medium64       0x800'2731    0x4  Code  Gb  cos_sin64.o [3]
__iar_sin_mediuml        0x800'2731    0x4  Code  Gb  cos_sin64.o [3]
__iar_softfp___iar_frexp64
                         0x800'1105         Code  Gb  frexp.o [3]
__iar_softfp_frexp       0x800'1105         Code  Gb  frexp.o [3]
__iar_softfp_frexpl      0x800'1105         Code  Gb  frexp.o [3]
__iar_sqrt64             0x800'221d         Code  Gb  sqrt.o [3]
__iar_ttio_guard_lock    0x800'1ad9   0x1e  Code  Gb  XShttio.o [2]
__iar_ttio_guard_unlock
                         0x800'1af7   0x10  Code  Gb  XShttio.o [2]
__iar_ttio_handles      0x2000'0130    0x8  Data  Lc  XShttio.o [2]
__iar_vfp___iar_sqrt64   0x800'220d         Code  Gb  sqrt.o [3]
__iar_vfp_sin            0x800'2153    0xc  Code  Gb  math_wrappers64.o [3]
__iar_vfp_sqrt           0x800'220d         Code  Gb  sqrt.o [3]
__iar_vfp_sqrtl          0x800'220d         Code  Gb  sqrt.o [3]
__iar_zero_init3         0x800'0f3b   0x3a  Code  Gb  zero_init3.o [4]
__low_level_init         0x800'30c3    0x4  Code  Gb  low_level_init.o [2]
__lseek                  0x800'2b85   0x4a  Code  Gb  lseek.o [5]
__vector_table           0x800'0000         Data  Gb  startup_stm32f30x.o [1]
__write                  0x800'2bcf   0x10  Code  Gb  write.o [5]
_call_main               0x800'30b1         Code  Gb  cmain.o [4]
_exit                    0x800'30cd         Code  Gb  cexit.o [4]
_main                    0x800'30bf         Code  Gb  cmain.o [4]
a                       0x2000'0f30    0x4  Data  Gb  main.o [1]
abort                    0x800'18c1    0x6  Code  Gb  abort.o [2]
ebuf                    0x2000'0e7c   0x50  Data  Lc  xfiles.o [2]
exit                     0x800'30c7    0x4  Code  Gb  exit.o [2]
fclose                   0x800'2e85   0x7e  Code  Gb  fclose.o [2]
fflush                   0x800'2b41   0x34  Code  Gb  fflush.o [2]
fflushOne                0x800'2acd   0x74  Code  Lc  fflush.o [2]
fputc                    0x800'2fa7   0x54  Code  Gb  fputc.o [2]
free                     0x800'2e81    0x4  Code  Gb  heaptramp0.o [2]
fseek                    0x800'2dc1   0x24  Code  Gb  fseek.o [2]
i                       0x2000'0f28    0x4  Data  Gb  main.o [1]
localeconv               0x800'1689    0x4  Code  Gb  xlocale_c.o [2]
main                     0x800'1b15  0x2e2  Code  Gb  main.o [1]
media                   0x2000'0f38    0x4  Data  Gb  main.o [1]
memchr                   0x800'1005         Code  Gb  memchr.o [4]
obuf                    0x2000'0ecc   0x50  Data  Lc  xfiles.o [2]
printf                   0x800'2161   0x28  Code  Gb  printf.o [2]
punt                    0x2000'0f24    0x4  Data  Gb  main.o [1]
putchar                  0x800'30f1    0xc  Code  Gb  putchar.o [2]
remove                   0x800'2f1b   0x14  Code  Gb  remove.o [5]
sFileInfo               0x2000'0dfc   0x80  Data  Lc  XShHandles.o [2]
scale                    0x800'0e19   0x46  Code  Lc  xprintflarge_nomb.o [2]
sec_hand                0x2000'0f48    0x4  Data  Lc  xfail_s.o [2]
sin                      0x800'2731    0x4  Code  Gb  cos_sin64.o [3]
sinl                     0x800'2731    0x4  Code  Gb  cos_sin64.o [3]
somma                   0x2000'0f34    0x4  Data  Gb  main.o [1]
sqrt                     0x800'221d         Code  Gb  sqrt.o [3]
sqrtl                    0x800'221d         Code  Gb  sqrt.o [3]
strchr                   0x800'0f75         Code  Gb  strchr.o [4]
strlen                   0x800'0fcd         Code  Gb  strlen.o [4]
t                       0x2000'0f40    0x4  Data  Gb  main.o [1]
temp                    0x2000'0f3c    0x4  Data  Gb  main.o [1]
ttio_guard              0x2000'0f4c    0x1  Data  Lc  XShttio.o [2]
v                       0x2000'0ba4  0x258  Data  Gb  main.o [1]
y                       0x2000'0138  0xa6c  Data  Gb  main.o [1]


[1] = C:\Users\itama\Desktop\Laboratorio di Misure a Microcontrollore\Esercizi\Esercizio Interrupt 04\Debug\Obj
[2] = dl7M_tlf.a
[3] = m7M_tls.a
[4] = rt7M_tl.a
[5] = shb_l.a

  12'831 bytes of readonly  code memory
     178 bytes of readonly  data memory
  20'301 bytes of readwrite data memory

Errors: none
Warnings: none
