###############################################################################
#
# IAR ELF Linker V8.50.6.265/W32 for ARM                  14/Dec/2020  12:35:20
# Copyright 2007-2020 IAR Systems AB.
#
#    Output file  =
#        C:\Users\itama\Desktop\Laboratorio di Misure a
#        Microcontrollore\Esercizi\Esercizio ADC 06\Debug\Exe\Esercizio 8.out
#    Map file     =
#        C:\Users\itama\Desktop\Laboratorio di Misure a
#        Microcontrollore\Esercizi\Esercizio ADC 06\Debug\List\Esercizio 8.map
#    Command line =
#        -f C:\Users\itama\AppData\Local\Temp\EW6FFE.tmp
#        ("C:\Users\itama\Desktop\Laboratorio di Misure a
#        Microcontrollore\Esercizi\Esercizio ADC 06\Debug\Obj\main.o"
#        --no_out_extension -o "C:\Users\itama\Desktop\Laboratorio di Misure a
#        Microcontrollore\Esercizi\Esercizio ADC 06\Debug\Exe\Esercizio 8.out"
#        --map "C:\Users\itama\Desktop\Laboratorio di Misure a
#        Microcontrollore\Esercizi\Esercizio ADC 06\Debug\List\Esercizio 8.map"
#        --config "C:\Program Files (x86)\IAR Systems\Embedded Workbench
#        8.4\arm\config\linker\ST\stm32f303xC.icf" --semihosting --entry
#        __iar_program_start --vfe --text_out locale)
#
###############################################################################

*******************************************************************************
*** RUNTIME MODEL ATTRIBUTES
***

CppFlavor       = *
__SystemLibrary = DLib
__dlib_version  = 6


*******************************************************************************
*** HEAP SELECTION
***

The basic heap was selected because some modules are built with
size limitations (and not runtime checking), and --advanced_heap
was not specified.


*******************************************************************************
*** PLACEMENT SUMMARY
***

"A0":  place at address 0x800'0000 { ro section .intvec };
"P1":  place in [from 0x800'0000 to 0x803'ffff] { ro };
define block CSTACK with size = 8K, alignment = 8 { };
define block HEAP with size = 8K, alignment = 8 { };
"P2":  place in [from 0x2000'0000 to 0x2000'9fff] {
          rw, block CSTACK, block HEAP };

No sections matched the following patterns:

  section .ccmram  in "P3"


  Section          Kind         Address    Size  Object
  -------          ----         -------    ----  ------
"A0":                                      0x40
  .intvec          ro code   0x800'0000    0x40  vector_table_M.o [4]
                           - 0x800'0040    0x40

"P1":                                     0xdb4
  .text            ro code   0x800'0040   0x424  cos_sin64.o [3]
  .text            ro code   0x800'0464   0x1a2  DblMul.o [3]
  .text            ro code   0x800'0606    0x3a  zero_init3.o [4]
  .text            ro code   0x800'0640    0x2e  DblCmpLe.o [3]
  .text            ro code   0x800'066e     0x2  vector_table_M.o [4]
  .text            ro code   0x800'0670   0x17a  DblAdd.o [3]
  .text            ro code   0x800'07ec    0x3a  DblToS32.o [3]
  .text            ro code   0x800'0828    0x22  S32ToDbl.o [3]
  .text            ro code   0x800'084c    0xe2  DblSub.o [3]
  .text            ro code   0x800'0930   0x390  main.o [1]
  .text            ro code   0x800'0cc0    0x48  FltToDbl.o [3]
  .text            ro code   0x800'0d08    0x12  math_wrappers64.o [3]
  .text            ro code   0x800'0d1c    0x28  DblToU32.o [3]
  .text            ro code   0x800'0d44    0x28  data_init.o [4]
  .text            ro code   0x800'0d6c    0x22  fpinit_M.o [3]
  .iar.init_table  const     0x800'0d90    0x10  - Linker created -
  .text            ro code   0x800'0da0    0x1e  cmain.o [4]
  .text            ro code   0x800'0dbe     0x4  low_level_init.o [2]
  .text            ro code   0x800'0dc2     0x4  exit.o [2]
  .text            ro code   0x800'0dc8     0xa  cexit.o [4]
  .text            ro code   0x800'0dd4    0x14  exit.o [5]
  .text            ro code   0x800'0de8     0xc  cstartup_M.o [4]
  .rodata          const     0x800'0df4     0x0  zero_init3.o [4]
                           - 0x800'0df4   0xdb4

"P2", part 1 of 2:                        0x1a0
  .bss             zero     0x2000'0000   0x190  main.o [1]
  .bss             zero     0x2000'0190     0x4  main.o [1]
  .bss             zero     0x2000'0194     0x4  main.o [1]
  .bss             zero     0x2000'0198     0x4  main.o [1]
  .bss             zero     0x2000'019c     0x4  main.o [1]
                          - 0x2000'01a0   0x1a0

"P2", part 2 of 2:                       0x2000
  CSTACK                    0x2000'01a0  0x2000  <Block>
    CSTACK         uninit   0x2000'01a0  0x2000  <Block tail>
                          - 0x2000'21a0  0x2000

Unused ranges:

         From           To      Size
         ----           --      ----
   0x800'0df4   0x803'ffff  0x3'f20c
  0x2000'21a0  0x2000'9fff    0x7e60


*******************************************************************************
*** INIT TABLE
***

          Address      Size
          -------      ----
Zero (__iar_zero_init3)
    1 destination range, total size 0x1a0:
          0x2000'0000  0x1a0



*******************************************************************************
*** MODULE SUMMARY
***

    Module             ro code  ro data  rw data
    ------             -------  -------  -------
command line/config:
    --------------------------------------------
    Total:

C:\Users\itama\Desktop\Laboratorio di Misure a Microcontrollore\Esercizi\Esercizio ADC 06\Debug\Obj: [1]
    main.o                 912               416
    --------------------------------------------
    Total:                 912               416

dl7M_tlf.a: [2]
    exit.o                   4
    low_level_init.o         4
    --------------------------------------------
    Total:                   8

m7M_tls.a: [3]
    DblAdd.o               378
    DblCmpLe.o              46
    DblMul.o               418
    DblSub.o               226
    DblToS32.o              58
    DblToU32.o              40
    FltToDbl.o              72
    S32ToDbl.o              34
    cos_sin64.o          1'060
    fpinit_M.o              34
    math_wrappers64.o       18
    --------------------------------------------
    Total:               2'384

rt7M_tl.a: [4]
    cexit.o                 10
    cmain.o                 30
    cstartup_M.o            12
    data_init.o             40
    vector_table_M.o        66
    zero_init3.o            58
    --------------------------------------------
    Total:                 216

shb_l.a: [5]
    exit.o                  20
    --------------------------------------------
    Total:                  20

    Gaps                    14        2
    Linker created                   16    8'192
------------------------------------------------
    Grand Total:         3'554       18    8'608


*******************************************************************************
*** ENTRY LIST
***

Entry                       Address   Size  Type      Object
-----                       -------   ----  ----      ------
.iar.init_table$$Base    0x800'0d90          --   Gb  - Linker created -
.iar.init_table$$Limit   0x800'0da0          --   Gb  - Linker created -
?main                    0x800'0da1         Code  Gb  cmain.o [4]
CSTACK$$Base            0x2000'01a0          --   Gb  - Linker created -
CSTACK$$Limit           0x2000'21a0          --   Gb  - Linker created -
Region$$Table$$Base      0x800'0d90          --   Gb  - Linker created -
Region$$Table$$Limit     0x800'0da0          --   Gb  - Linker created -
__aeabi_cdcmple          0x800'0641         Code  Gb  DblCmpLe.o [3]
__aeabi_d2iz             0x800'07ed         Code  Gb  DblToS32.o [3]
__aeabi_d2uiz            0x800'0d1d         Code  Gb  DblToU32.o [3]
__aeabi_dadd             0x800'0671         Code  Gb  DblAdd.o [3]
__aeabi_dmul             0x800'0465         Code  Gb  DblMul.o [3]
__aeabi_dsub             0x800'084d         Code  Gb  DblSub.o [3]
__aeabi_f2d              0x800'0cc1         Code  Gb  FltToDbl.o [3]
__aeabi_i2d              0x800'0829         Code  Gb  S32ToDbl.o [3]
__cmain                  0x800'0da1         Code  Gb  cmain.o [4]
__exit                   0x800'0dd5   0x14  Code  Gb  exit.o [5]
__iar_Sin64              0x800'0041  0x38e  Code  Lc  cos_sin64.o [3]
__iar_dadd               0x800'085d         Code  Gb  DblSub.o [3]
__iar_data_init3         0x800'0d45   0x28  Code  Gb  data_init.o [4]
__iar_dsub               0x800'0681         Code  Gb  DblAdd.o [3]
__iar_dsubStart          0x800'0693         Code  Gb  DblAdd.o [3]
__iar_init_vfp           0x800'0d6d         Code  Gb  fpinit_M.o [3]
__iar_program_start      0x800'0de9         Code  Gb  cstartup_M.o [4]
__iar_sin64              0x800'0461    0x4  Code  Gb  cos_sin64.o [3]
__iar_sin_medium         0x800'0461    0x4  Code  Gb  cos_sin64.o [3]
__iar_sin_medium64       0x800'0461    0x4  Code  Gb  cos_sin64.o [3]
__iar_sin_mediuml        0x800'0461    0x4  Code  Gb  cos_sin64.o [3]
__iar_vfp_sin            0x800'0d0f    0xc  Code  Gb  math_wrappers64.o [3]
__iar_zero_init3         0x800'0607   0x3a  Code  Gb  zero_init3.o [4]
__low_level_init         0x800'0dbf    0x4  Code  Gb  low_level_init.o [2]
__vector_table           0x800'0000         Data  Gb  vector_table_M.o [4]
_call_main               0x800'0dad         Code  Gb  cmain.o [4]
_exit                    0x800'0dc9         Code  Gb  cexit.o [4]
_main                    0x800'0dbb         Code  Gb  cmain.o [4]
dx                      0x2000'019c    0x4  Data  Gb  main.o [1]
exit                     0x800'0dc3    0x4  Code  Gb  exit.o [2]
i                       0x2000'0194    0x4  Data  Gb  main.o [1]
main                     0x800'0931  0x390  Code  Gb  main.o [1]
punt                    0x2000'0190    0x4  Data  Gb  main.o [1]
sin                      0x800'0461    0x4  Code  Gb  cos_sin64.o [3]
sinl                     0x800'0461    0x4  Code  Gb  cos_sin64.o [3]
x                       0x2000'0198    0x4  Data  Gb  main.o [1]
y                       0x2000'0000  0x190  Data  Gb  main.o [1]


[1] = C:\Users\itama\Desktop\Laboratorio di Misure a Microcontrollore\Esercizi\Esercizio ADC 06\Debug\Obj
[2] = dl7M_tlf.a
[3] = m7M_tls.a
[4] = rt7M_tl.a
[5] = shb_l.a

  3'554 bytes of readonly  code memory
     18 bytes of readonly  data memory
  8'608 bytes of readwrite data memory

Errors: none
Warnings: none
