###############################################################################
#
# IAR ELF Linker V8.50.6.265/W32 for ARM                  12/Dec/2020  13:13:58
# Copyright 2007-2020 IAR Systems AB.
#
#    Output file  =
#        C:\Users\itama\Desktop\Laboratorio di Misure a
#        Microcontrollore\Esercizi\Esercizio ADC 03\Debug\Exe\Esercizio 5.out
#    Map file     =
#        C:\Users\itama\Desktop\Laboratorio di Misure a
#        Microcontrollore\Esercizi\Esercizio ADC 03\Debug\List\Esercizio 5.map
#    Command line =
#        -f C:\Users\itama\AppData\Local\Temp\EW8576.tmp
#        ("C:\Users\itama\Desktop\Laboratorio di Misure a
#        Microcontrollore\Esercizi\Esercizio ADC 03\Debug\Obj\main.o"
#        --no_out_extension -o "C:\Users\itama\Desktop\Laboratorio di Misure a
#        Microcontrollore\Esercizi\Esercizio ADC 03\Debug\Exe\Esercizio 5.out"
#        --map "C:\Users\itama\Desktop\Laboratorio di Misure a
#        Microcontrollore\Esercizi\Esercizio ADC 03\Debug\List\Esercizio 5.map"
#        --config "C:\Program Files (x86)\IAR Systems\Embedded Workbench
#        8.4\arm\config\linker\ST\stm32f303xC.icf" --semihosting --entry
#        __iar_program_start --vfe --text_out locale)
#
###############################################################################

*******************************************************************************
*** RUNTIME MODEL ATTRIBUTES
***

CppFlavor       = *
__SystemLibrary = DLib
__dlib_version  = 6


*******************************************************************************
*** HEAP SELECTION
***

The basic heap was selected because some modules are built with
size limitations (and not runtime checking), and --advanced_heap
was not specified.


*******************************************************************************
*** PLACEMENT SUMMARY
***

"A0":  place at address 0x800'0000 { ro section .intvec };
"P1":  place in [from 0x800'0000 to 0x803'ffff] { ro };
define block CSTACK with size = 8K, alignment = 8 { };
define block HEAP with size = 8K, alignment = 8 { };
"P2":  place in [from 0x2000'0000 to 0x2000'9fff] {
          rw, block CSTACK, block HEAP };

No sections matched the following patterns:

  section .ccmram  in "P3"


  Section          Kind         Address    Size  Object
  -------          ----         -------    ----  ------
"A0":                                      0x40
  .intvec          ro code   0x800'0000    0x40  vector_table_M.o [4]
                           - 0x800'0040    0x40

"P1":                                    0x1340
  .text            ro code   0x800'0040   0x54c  main.o [1]
  .text            ro code   0x800'058c    0x48  FltToDbl.o [3]
  .text            ro code   0x800'05d4    0x12  math_wrappers64.o [3]
  .text            ro code   0x800'05e6    0x3a  zero_init3.o [4]
  .text            ro code   0x800'0620   0x1a2  DblMul.o [3]
  .text            ro code   0x800'07c2     0x2  vector_table_M.o [4]
  .text            ro code   0x800'07c4   0x17a  DblAdd.o [3]
  .text            ro code   0x800'0940    0x28  DblToU32.o [3]
  .text            ro code   0x800'0968   0x102  sqrt.o [3]
  .text            ro code   0x800'0a6c    0x68  DblToFlt.o [3]
  .text            ro code   0x800'0ad4    0x1a  U32ToDbl.o [3]
  .text            ro code   0x800'0af0   0x246  DblDiv.o [3]
  .text            ro code   0x800'0d38   0x424  cos_sin64.o [3]
  .text            ro code   0x800'115c    0xe2  DblSub.o [3]
  .text            ro code   0x800'1240    0x2e  DblCmpLe.o [3]
  .text            ro code   0x800'1270    0x3a  DblToS32.o [3]
  .text            ro code   0x800'12ac    0x22  S32ToDbl.o [3]
  .text            ro code   0x800'12d0    0x28  data_init.o [4]
  .text            ro code   0x800'12f8    0x22  fpinit_M.o [3]
  .iar.init_table  const     0x800'131c    0x10  - Linker created -
  .text            ro code   0x800'132c    0x1e  cmain.o [4]
  .text            ro code   0x800'134a     0x4  low_level_init.o [2]
  .text            ro code   0x800'134e     0x4  exit.o [2]
  .text            ro code   0x800'1354     0xa  cexit.o [4]
  .text            ro code   0x800'1360    0x14  exit.o [5]
  .text            ro code   0x800'1374     0xc  cstartup_M.o [4]
  .rodata          const     0x800'1380     0x0  zero_init3.o [4]
                           - 0x800'1380  0x1340

"P2", part 1 of 2:                        0x384
  .bss             zero     0x2000'0000   0x190  main.o [1]
  .bss             zero     0x2000'0190   0x190  main.o [1]
  .bss             zero     0x2000'0320    0x50  main.o [1]
  .bss             zero     0x2000'0370     0x4  main.o [1]
  .bss             zero     0x2000'0374     0x4  main.o [1]
  .bss             zero     0x2000'0378     0x4  main.o [1]
  .bss             zero     0x2000'037c     0x4  main.o [1]
  .bss             zero     0x2000'0380     0x4  main.o [1]
                          - 0x2000'0384   0x384

"P2", part 2 of 2:                       0x2000
  CSTACK                    0x2000'0388  0x2000  <Block>
    CSTACK         uninit   0x2000'0388  0x2000  <Block tail>
                          - 0x2000'2388  0x2000

Unused ranges:

         From           To      Size
         ----           --      ----
   0x800'1380   0x803'ffff  0x3'ec80
  0x2000'0384  0x2000'0387       0x4
  0x2000'2388  0x2000'9fff    0x7c78


*******************************************************************************
*** INIT TABLE
***

          Address      Size
          -------      ----
Zero (__iar_zero_init3)
    1 destination range, total size 0x384:
          0x2000'0000  0x384



*******************************************************************************
*** MODULE SUMMARY
***

    Module             ro code  ro data  rw data
    ------             -------  -------  -------
command line/config:
    --------------------------------------------
    Total:

C:\Users\itama\Desktop\Laboratorio di Misure a Microcontrollore\Esercizi\Esercizio ADC 03\Debug\Obj: [1]
    main.o               1'356               900
    --------------------------------------------
    Total:               1'356               900

dl7M_tlf.a: [2]
    exit.o                   4
    low_level_init.o         4
    --------------------------------------------
    Total:                   8

m7M_tls.a: [3]
    DblAdd.o               378
    DblCmpLe.o              46
    DblDiv.o               582
    DblMul.o               418
    DblSub.o               226
    DblToFlt.o             104
    DblToS32.o              58
    DblToU32.o              40
    FltToDbl.o              72
    S32ToDbl.o              34
    U32ToDbl.o              26
    cos_sin64.o          1'060
    fpinit_M.o              34
    math_wrappers64.o       18
    sqrt.o                 258
    --------------------------------------------
    Total:               3'354

rt7M_tl.a: [4]
    cexit.o                 10
    cmain.o                 30
    cstartup_M.o            12
    data_init.o             40
    vector_table_M.o        66
    zero_init3.o            58
    --------------------------------------------
    Total:                 216

shb_l.a: [5]
    exit.o                  20
    --------------------------------------------
    Total:                  20

    Gaps                    20        2
    Linker created                   16    8'192
------------------------------------------------
    Grand Total:         4'974       18    9'092


*******************************************************************************
*** ENTRY LIST
***

Entry                       Address   Size  Type      Object
-----                       -------   ----  ----      ------
.iar.init_table$$Base    0x800'131c          --   Gb  - Linker created -
.iar.init_table$$Limit   0x800'132c          --   Gb  - Linker created -
?main                    0x800'132d         Code  Gb  cmain.o [4]
CSTACK$$Base            0x2000'0388          --   Gb  - Linker created -
CSTACK$$Limit           0x2000'2388          --   Gb  - Linker created -
Region$$Table$$Base      0x800'131c          --   Gb  - Linker created -
Region$$Table$$Limit     0x800'132c          --   Gb  - Linker created -
__aeabi_cdcmple          0x800'1241         Code  Gb  DblCmpLe.o [3]
__aeabi_d2f              0x800'0a6d         Code  Gb  DblToFlt.o [3]
__aeabi_d2iz             0x800'1271         Code  Gb  DblToS32.o [3]
__aeabi_d2uiz            0x800'0941         Code  Gb  DblToU32.o [3]
__aeabi_dadd             0x800'07c5         Code  Gb  DblAdd.o [3]
__aeabi_ddiv             0x800'0af1         Code  Gb  DblDiv.o [3]
__aeabi_dmul             0x800'0621         Code  Gb  DblMul.o [3]
__aeabi_dsub             0x800'115d         Code  Gb  DblSub.o [3]
__aeabi_f2d              0x800'058d         Code  Gb  FltToDbl.o [3]
__aeabi_i2d              0x800'12ad         Code  Gb  S32ToDbl.o [3]
__aeabi_ui2d             0x800'0ad5         Code  Gb  U32ToDbl.o [3]
__cmain                  0x800'132d         Code  Gb  cmain.o [4]
__exit                   0x800'1361   0x14  Code  Gb  exit.o [5]
__iar_Sin64              0x800'0d39  0x38e  Code  Lc  cos_sin64.o [3]
__iar_dadd               0x800'116d         Code  Gb  DblSub.o [3]
__iar_data_init3         0x800'12d1   0x28  Code  Gb  data_init.o [4]
__iar_dsub               0x800'07d5         Code  Gb  DblAdd.o [3]
__iar_dsubStart          0x800'07e7         Code  Gb  DblAdd.o [3]
__iar_init_vfp           0x800'12f9         Code  Gb  fpinit_M.o [3]
__iar_program_start      0x800'1375         Code  Gb  cstartup_M.o [4]
__iar_sin64              0x800'1159    0x4  Code  Gb  cos_sin64.o [3]
__iar_sin_medium         0x800'1159    0x4  Code  Gb  cos_sin64.o [3]
__iar_sin_medium64       0x800'1159    0x4  Code  Gb  cos_sin64.o [3]
__iar_sin_mediuml        0x800'1159    0x4  Code  Gb  cos_sin64.o [3]
__iar_sqrt64             0x800'0979         Code  Gb  sqrt.o [3]
__iar_vfp___iar_sqrt64   0x800'0969         Code  Gb  sqrt.o [3]
__iar_vfp_sin            0x800'05db    0xc  Code  Gb  math_wrappers64.o [3]
__iar_vfp_sqrt           0x800'0969         Code  Gb  sqrt.o [3]
__iar_vfp_sqrtl          0x800'0969         Code  Gb  sqrt.o [3]
__iar_zero_init3         0x800'05e7   0x3a  Code  Gb  zero_init3.o [4]
__low_level_init         0x800'134b    0x4  Code  Gb  low_level_init.o [2]
__vector_table           0x800'0000         Data  Gb  vector_table_M.o [4]
_call_main               0x800'1339         Code  Gb  cmain.o [4]
_exit                    0x800'1355         Code  Gb  cexit.o [4]
_main                    0x800'1347         Code  Gb  cmain.o [4]
dx                      0x2000'037c    0x4  Data  Gb  main.o [1]
exit                     0x800'134f    0x4  Code  Gb  exit.o [2]
i                       0x2000'0374    0x4  Data  Gb  main.o [1]
main                     0x800'0041  0x54c  Code  Gb  main.o [1]
punt                    0x2000'0370    0x4  Data  Gb  main.o [1]
sin                      0x800'1159    0x4  Code  Gb  cos_sin64.o [3]
sinl                     0x800'1159    0x4  Code  Gb  cos_sin64.o [3]
sqrt                     0x800'0979         Code  Gb  sqrt.o [3]
sqrtl                    0x800'0979         Code  Gb  sqrt.o [3]
v                       0x2000'0190  0x190  Data  Gb  main.o [1]
x                       0x2000'0378    0x4  Data  Gb  main.o [1]
x1                      0x2000'0380    0x4  Data  Gb  main.o [1]
y                       0x2000'0000  0x190  Data  Gb  main.o [1]
z                       0x2000'0320   0x50  Data  Gb  main.o [1]


[1] = C:\Users\itama\Desktop\Laboratorio di Misure a Microcontrollore\Esercizi\Esercizio ADC 03\Debug\Obj
[2] = dl7M_tlf.a
[3] = m7M_tls.a
[4] = rt7M_tl.a
[5] = shb_l.a

  4'974 bytes of readonly  code memory
     18 bytes of readonly  data memory
  9'092 bytes of readwrite data memory

Errors: none
Warnings: none
