###############################################################################
#
# IAR ELF Linker V8.50.6.265/W32 for ARM                  14/Dec/2020  11:13:03
# Copyright 2007-2020 IAR Systems AB.
#
#    Output file  =
#        C:\Users\itama\Desktop\Laboratorio di Misure a
#        Microcontrollore\Esercizi\Esercizio ADC 04\Debug\Exe\Esercizio 6.out
#    Map file     =
#        C:\Users\itama\Desktop\Laboratorio di Misure a
#        Microcontrollore\Esercizi\Esercizio ADC 04\Debug\List\Esercizio 6.map
#    Command line =
#        -f C:\Users\itama\AppData\Local\Temp\EW1AB3.tmp
#        ("C:\Users\itama\Desktop\Laboratorio di Misure a
#        Microcontrollore\Esercizi\Esercizio ADC 04\Debug\Obj\main.o"
#        --no_out_extension -o "C:\Users\itama\Desktop\Laboratorio di Misure a
#        Microcontrollore\Esercizi\Esercizio ADC 04\Debug\Exe\Esercizio 6.out"
#        --map "C:\Users\itama\Desktop\Laboratorio di Misure a
#        Microcontrollore\Esercizi\Esercizio ADC 04\Debug\List\Esercizio 6.map"
#        --config "C:\Program Files (x86)\IAR Systems\Embedded Workbench
#        8.4\arm\config\linker\ST\stm32f303xC.icf" --semihosting --entry
#        __iar_program_start --vfe --text_out locale)
#
###############################################################################

*******************************************************************************
*** RUNTIME MODEL ATTRIBUTES
***

CppFlavor       = *
__SystemLibrary = DLib
__dlib_version  = 6


*******************************************************************************
*** HEAP SELECTION
***

The basic heap was selected because some modules are built with
size limitations (and not runtime checking), and --advanced_heap
was not specified.


*******************************************************************************
*** PLACEMENT SUMMARY
***

"A0":  place at address 0x800'0000 { ro section .intvec };
"P1":  place in [from 0x800'0000 to 0x803'ffff] { ro };
define block CSTACK with size = 8K, alignment = 8 { };
define block HEAP with size = 8K, alignment = 8 { };
"P2":  place in [from 0x2000'0000 to 0x2000'9fff] {
          rw, block CSTACK, block HEAP };

No sections matched the following patterns:

  section .ccmram  in "P3"


  Section          Kind         Address    Size  Object
  -------          ----         -------    ----  ------
"A0":                                      0x40
  .intvec          ro code   0x800'0000    0x40  vector_table_M.o [4]
                           - 0x800'0040    0x40

"P1":                                     0xe04
  .text            ro code   0x800'0040   0x414  cos_sin64.o [3]
  .text            ro code   0x800'0454   0x1a2  DblMul.o [3]
  .text            ro code   0x800'05f6    0x3a  zero_init3.o [4]
  .text            ro code   0x800'0630    0x2e  DblCmpLe.o [3]
  .text            ro code   0x800'065e     0x2  vector_table_M.o [4]
  .text            ro code   0x800'0660   0x17a  DblAdd.o [3]
  .text            ro code   0x800'07dc    0x3a  DblToS32.o [3]
  .text            ro code   0x800'0818    0x22  S32ToDbl.o [3]
  .text            ro code   0x800'083c    0xe2  DblSub.o [3]
  .text            ro code   0x800'0920   0x220  main.o [1]
  .text            ro code   0x800'0b40    0x48  FltToDbl.o [3]
  .text            ro code   0x800'0b88    0xd8  FltMul.o [3]
  .text            ro code   0x800'0c60    0xe2  FltAdd.o [3]
  .text            ro code   0x800'0d44    0x74  FltSub.o [3]
  .text            ro code   0x800'0db8    0x28  data_init.o [4]
  .iar.init_table  const     0x800'0de0    0x10  - Linker created -
  .text            ro code   0x800'0df0    0x1e  cmain.o [4]
  .text            ro code   0x800'0e0e     0x4  low_level_init.o [2]
  .text            ro code   0x800'0e12     0x4  exit.o [2]
  .text            ro code   0x800'0e18     0xa  cexit.o [4]
  .text            ro code   0x800'0e24    0x14  exit.o [5]
  .text            ro code   0x800'0e38     0xc  cstartup_M.o [4]
  .rodata          const     0x800'0e44     0x0  zero_init3.o [4]
                           - 0x800'0e44   0xe04

"P2", part 1 of 2:                        0x19c
  .bss             zero     0x2000'0000   0x190  main.o [1]
  .bss             zero     0x2000'0190     0x4  main.o [1]
  .bss             zero     0x2000'0194     0x4  main.o [1]
  .bss             zero     0x2000'0198     0x4  main.o [1]
                          - 0x2000'019c   0x19c

"P2", part 2 of 2:                       0x2000
  CSTACK                    0x2000'01a0  0x2000  <Block>
    CSTACK         uninit   0x2000'01a0  0x2000  <Block tail>
                          - 0x2000'21a0  0x2000

Unused ranges:

         From           To      Size
         ----           --      ----
   0x800'0e44   0x803'ffff  0x3'f1bc
  0x2000'019c  0x2000'019f       0x4
  0x2000'21a0  0x2000'9fff    0x7e60


*******************************************************************************
*** INIT TABLE
***

          Address      Size
          -------      ----
Zero (__iar_zero_init3)
    1 destination range, total size 0x19c:
          0x2000'0000  0x19c



*******************************************************************************
*** MODULE SUMMARY
***

    Module            ro code  ro data  rw data
    ------            -------  -------  -------
command line/config:
    -------------------------------------------
    Total:

C:\Users\itama\Desktop\Laboratorio di Misure a Microcontrollore\Esercizi\Esercizio ADC 04\Debug\Obj: [1]
    main.o                544               412
    -------------------------------------------
    Total:                544               412

dl7M_tlf.a: [2]
    exit.o                  4
    low_level_init.o        4
    -------------------------------------------
    Total:                  8

m7M_tl.a: [3]
    DblAdd.o              378
    DblCmpLe.o             46
    DblMul.o              418
    DblSub.o              226
    DblToS32.o             58
    FltAdd.o              226
    FltMul.o              216
    FltSub.o              116
    FltToDbl.o             72
    S32ToDbl.o             34
    cos_sin64.o         1'044
    -------------------------------------------
    Total:              2'834

rt7M_tl.a: [4]
    cexit.o                10
    cmain.o                30
    cstartup_M.o           12
    data_init.o            40
    vector_table_M.o       66
    zero_init3.o           58
    -------------------------------------------
    Total:                216

shb_l.a: [5]
    exit.o                 20
    -------------------------------------------
    Total:                 20

    Gaps                   14
    Linker created                  16    8'192
-----------------------------------------------
    Grand Total:        3'636       16    8'604


*******************************************************************************
*** ENTRY LIST
***

Entry                       Address   Size  Type      Object
-----                       -------   ----  ----      ------
.iar.init_table$$Base    0x800'0de0          --   Gb  - Linker created -
.iar.init_table$$Limit   0x800'0df0          --   Gb  - Linker created -
?main                    0x800'0df1         Code  Gb  cmain.o [4]
CSTACK$$Base            0x2000'01a0          --   Gb  - Linker created -
CSTACK$$Limit           0x2000'21a0          --   Gb  - Linker created -
Region$$Table$$Base      0x800'0de0          --   Gb  - Linker created -
Region$$Table$$Limit     0x800'0df0          --   Gb  - Linker created -
__aeabi_cdcmple          0x800'0631         Code  Gb  DblCmpLe.o [3]
__aeabi_d2iz             0x800'07dd         Code  Gb  DblToS32.o [3]
__aeabi_dadd             0x800'0661         Code  Gb  DblAdd.o [3]
__aeabi_dmul             0x800'0455         Code  Gb  DblMul.o [3]
__aeabi_dsub             0x800'083d         Code  Gb  DblSub.o [3]
__aeabi_f2d              0x800'0b41         Code  Gb  FltToDbl.o [3]
__aeabi_fadd             0x800'0c61         Code  Gb  FltAdd.o [3]
__aeabi_fmul             0x800'0b89         Code  Gb  FltMul.o [3]
__aeabi_i2d              0x800'0819         Code  Gb  S32ToDbl.o [3]
__cmain                  0x800'0df1         Code  Gb  cmain.o [4]
__exit                   0x800'0e25   0x14  Code  Gb  exit.o [5]
__iar_Sin64              0x800'0041  0x384  Code  Lc  cos_sin64.o [3]
__iar_dadd               0x800'084d         Code  Gb  DblSub.o [3]
__iar_data_init3         0x800'0db9   0x28  Code  Gb  data_init.o [4]
__iar_dsub               0x800'0671         Code  Gb  DblAdd.o [3]
__iar_dsubStart          0x800'0683         Code  Gb  DblAdd.o [3]
__iar_fadd               0x800'0d45         Code  Gb  FltSub.o [3]
__iar_fsub               0x800'0c6d         Code  Gb  FltAdd.o [3]
__iar_fsubStart          0x800'0c7d         Code  Gb  FltAdd.o [3]
__iar_program_start      0x800'0e39         Code  Gb  cstartup_M.o [4]
__iar_sin64              0x800'0451    0x4  Code  Gb  cos_sin64.o [3]
__iar_sin_medium         0x800'0451    0x4  Code  Gb  cos_sin64.o [3]
__iar_sin_medium64       0x800'0451    0x4  Code  Gb  cos_sin64.o [3]
__iar_sin_mediuml        0x800'0451    0x4  Code  Gb  cos_sin64.o [3]
__iar_zero_init3         0x800'05f7   0x3a  Code  Gb  zero_init3.o [4]
__low_level_init         0x800'0e0f    0x4  Code  Gb  low_level_init.o [2]
__vector_table           0x800'0000         Data  Gb  vector_table_M.o [4]
_call_main               0x800'0dfd         Code  Gb  cmain.o [4]
_exit                    0x800'0e19         Code  Gb  cexit.o [4]
_main                    0x800'0e0b         Code  Gb  cmain.o [4]
dx                      0x2000'0198    0x4  Data  Gb  main.o [1]
exit                     0x800'0e13    0x4  Code  Gb  exit.o [2]
i                       0x2000'0190    0x4  Data  Gb  main.o [1]
main                     0x800'0921  0x220  Code  Gb  main.o [1]
sin                      0x800'0451    0x4  Code  Gb  cos_sin64.o [3]
sinl                     0x800'0451    0x4  Code  Gb  cos_sin64.o [3]
x                       0x2000'0194    0x4  Data  Gb  main.o [1]
y                       0x2000'0000  0x190  Data  Gb  main.o [1]


[1] = C:\Users\itama\Desktop\Laboratorio di Misure a Microcontrollore\Esercizi\Esercizio ADC 04\Debug\Obj
[2] = dl7M_tlf.a
[3] = m7M_tl.a
[4] = rt7M_tl.a
[5] = shb_l.a

  3'636 bytes of readonly  code memory
     16 bytes of readonly  data memory
  8'604 bytes of readwrite data memory

Errors: none
Warnings: none
