###############################################################################
#
# IAR ELF Linker V8.50.6.265/W32 for ARM                  13/Dec/2020  14:03:25
# Copyright 2007-2020 IAR Systems AB.
#
#    Output file  =
#        C:\Users\itama\Desktop\Laboratorio di Misure a
#        Microcontrollore\Esercizi\Esercizio Interrput 02\Debug\Exe\Esercizio
#        11.out
#    Map file     =
#        C:\Users\itama\Desktop\Laboratorio di Misure a
#        Microcontrollore\Esercizi\Esercizio Interrput 02\Debug\List\Esercizio
#        11.map
#    Command line =
#        -f C:\Users\itama\AppData\Local\Temp\EW2A08.tmp
#        ("C:\Users\itama\Desktop\Laboratorio di Misure a
#        Microcontrollore\Esercizi\Esercizio Interrput 02\Debug\Obj\main.o"
#        "C:\Users\itama\Desktop\Laboratorio di Misure a
#        Microcontrollore\Esercizi\Esercizio Interrput
#        02\Debug\Obj\startup_stm32f30x.o" "C:\Users\itama\Desktop\Laboratorio
#        di Misure a Microcontrollore\Esercizi\Esercizio Interrput
#        02\Debug\Obj\system_stm32f30x.o" --no_out_extension -o
#        "C:\Users\itama\Desktop\Laboratorio di Misure a
#        Microcontrollore\Esercizi\Esercizio Interrput 02\Debug\Exe\Esercizio
#        11.out" --map "C:\Users\itama\Desktop\Laboratorio di Misure a
#        Microcontrollore\Esercizi\Esercizio Interrput 02\Debug\List\Esercizio
#        11.map" --config "C:\Program Files (x86)\IAR Systems\Embedded
#        Workbench 8.4\arm\config\linker\ST\stm32f303xC.icf" --semihosting
#        --entry __iar_program_start --vfe --text_out locale)
#
###############################################################################

*******************************************************************************
*** RUNTIME MODEL ATTRIBUTES
***

CppFlavor       = *
__Heap_Handler  = Basic
__SystemLibrary = DLib
__dlib_version  = 6


*******************************************************************************
*** HEAP SELECTION
***

The basic heap was selected because some modules are built with
size limitations (and not runtime checking), and --advanced_heap
was not specified.


*******************************************************************************
*** PLACEMENT SUMMARY
***

"A0":  place at address 0x800'0000 { ro section .intvec };
"P1":  place in [from 0x800'0000 to 0x803'ffff] { ro };
define block CSTACK with size = 8K, alignment = 8 { };
define block HEAP with size = 8K, alignment = 8 { };
"P2":  place in [from 0x2000'0000 to 0x2000'9fff] {
          rw, block CSTACK, block HEAP };
initialize by copy { rw };

No sections matched the following patterns:

  section .ccmram  in "P3"


  Section            Kind         Address    Size  Object
  -------            ----         -------    ----  ------
"A0":                                       0x188
  .intvec            ro code   0x800'0000   0x188  startup_stm32f30x.o [1]
                             - 0x800'0188   0x188

"P1":                                      0x2a56
  .text              ro code   0x800'0188   0xdb2  xprintflarge_nomb.o [2]
  .text              ro code   0x800'0f3a    0x3a  zero_init3.o [4]
  .text              ro code   0x800'0f74    0x16  strchr.o [4]
  .rodata            const     0x800'0f8a     0x2  xlocale_c.o [2]
  .text              ro code   0x800'0f8c    0x40  xfail_s.o [2]
  .text              ro code   0x800'0fcc    0x36  strlen.o [4]
  .rodata            const     0x800'1002     0x1  xlocale_c.o [2]
  .text              ro code   0x800'1004    0x58  memchr.o [4]
  .text              ro code   0x800'105c    0xa6  ABImemcpy.o [4]
  .text              ro code   0x800'1104    0x70  frexp.o [3]
  .text              ro code   0x800'1174   0x246  DblDiv.o [3]
  .text              ro code   0x800'13bc    0x28  DblToU32.o [3]
  .text              ro code   0x800'13e4    0x1a  U32ToDbl.o [3]
  .text              ro code   0x800'1400    0xe2  DblSub.o [3]
  .text              ro code   0x800'14e4   0x1a2  DblMul.o [3]
  .text              ro code   0x800'1688     0x8  xlocale_c.o [2]
  .text              ro code   0x800'1690   0x230  I64DivMod.o [4]
  .text              ro code   0x800'18c0     0x6  abort.o [2]
  .text              ro code   0x800'18c8   0x16a  DblAdd.o [3]
  .text              ro code   0x800'1a34     0x2  I64DivZer.o [4]
  .text              ro code   0x800'1a38    0x14  exit.o [5]
  .text              ro code   0x800'1a4c    0x7c  iarttio.o [5]
  .text              ro code   0x800'1ac8    0x3c  XShttio.o [2]
  .text              ro code   0x800'1b04   0x24c  main.o [1]
  .text              ro code   0x800'1d50    0x22  S32ToDbl.o [3]
  .text              ro code   0x800'1d74    0x68  DblToFlt.o [3]
  .text              ro code   0x800'1ddc    0x1c  U32ToFlt.o [3]
  .text              ro code   0x800'1df8    0xfc  FltDiv.o [3]
  .text              ro code   0x800'1ef4    0x22  FltToU32.o [3]
  .text              ro code   0x800'1f18    0x28  printf.o [2]
  .text              ro code   0x800'1f40    0xd8  FltMul.o [3]
  .text              ro code   0x800'2018    0x48  FltToDbl.o [3]
  .text              ro code   0x800'2060   0x13c  heap0.o [2]
  .text              ro code   0x800'219c    0x2c  xgetmemchunk.o [2]
  .text              ro code   0x800'21c8   0x118  system_stm32f30x.o [1]
  .text              ro code   0x800'22e0    0xd8  xfspos.o [2]
  .text              ro code   0x800'23b8    0xac  fflush.o [2]
  .text              ro code   0x800'2464     0xc  xfgpos.o [2]
  .text              ro code   0x800'2470    0x4a  lseek.o [5]
  .text              ro code   0x800'24ba    0x10  write.o [5]
  .text              ro code   0x800'24cc    0xcc  XShHandles.o [2]
  .text              ro code   0x800'2598    0x1e  dwrite.o [5]
  .text              ro code   0x800'25b6    0x20  iarwstd.o [5]
  .text              ro code   0x800'25d6    0x22  iarwrite.o [5]
  .text              ro code   0x800'25f8    0xb4  xfwprep.o [2]
  .text              ro code   0x800'26ac    0x24  fseek.o [2]
  .text              ro code   0x800'26d0    0x9c  xfofind.o [2]
  .text              ro code   0x800'276c     0x4  heaptramp0.o [2]
  .text              ro code   0x800'2770    0x7e  fclose.o [2]
  .text              ro code   0x800'27ee    0x18  close.o [5]
  .text              ro code   0x800'2806    0x14  remove.o [5]
  .text              ro code   0x800'281a    0x78  lz77_init_single.o [4]
  .text              ro code   0x800'2892    0x54  fputc.o [2]
  .text              ro code   0x800'28e8    0x3c  xcloseall.o [2]
  .rodata            const     0x800'2924    0x2c  main.o [1]
  .text              ro code   0x800'2950    0x28  data_init.o [4]
  .iar.init_table    const     0x800'2978    0x20  - Linker created -
  .text              ro code   0x800'2998    0x1e  cmain.o [4]
  .text              ro code   0x800'29b6     0x4  low_level_init.o [2]
  .text              ro code   0x800'29ba     0x4  exit.o [2]
  .text              ro code   0x800'29c0     0xe  cexit.o [4]
  .text              ro code   0x800'29ce    0x16  xprout.o [2]
  .text              ro code   0x800'29e4     0xc  putchar.o [2]
  .rodata            const     0x800'29f0    0x14  main.o [1]
  .rodata            const     0x800'2a04    0x14  main.o [1]
  .rodata            const     0x800'2a18    0x10  main.o [1]
  .text              ro code   0x800'2a28    0x10  startup_stm32f30x.o [1]
  .text              ro code   0x800'2a38     0xc  cstartup_M.o [4]
  .text              ro code   0x800'2a44     0x4  startup_stm32f30x.o [1]
  .text              ro code   0x800'2a48     0x4  startup_stm32f30x.o [1]
  .text              ro code   0x800'2a4c     0x4  startup_stm32f30x.o [1]
  .text              ro code   0x800'2a50     0x4  startup_stm32f30x.o [1]
  .text              ro code   0x800'2a54     0x4  startup_stm32f30x.o [1]
  .text              ro code   0x800'2a58     0x4  startup_stm32f30x.o [1]
  .text              ro code   0x800'2a5c     0x4  startup_stm32f30x.o [1]
  .text              ro code   0x800'2a60     0x4  startup_stm32f30x.o [1]
  .text              ro code   0x800'2a64     0x4  startup_stm32f30x.o [1]
  .text              ro code   0x800'2a68     0x4  startup_stm32f30x.o [1]
  .text              ro code   0x800'2a6c     0x4  startup_stm32f30x.o [1]
  .text              ro code   0x800'2a70     0x4  startup_stm32f30x.o [1]
  .text              ro code   0x800'2a74     0x4  startup_stm32f30x.o [1]
  .text              ro code   0x800'2a78     0x4  startup_stm32f30x.o [1]
  .text              ro code   0x800'2a7c     0x4  startup_stm32f30x.o [1]
  .text              ro code   0x800'2a80     0x4  startup_stm32f30x.o [1]
  .text              ro code   0x800'2a84     0x4  startup_stm32f30x.o [1]
  .text              ro code   0x800'2a88     0x4  startup_stm32f30x.o [1]
  .text              ro code   0x800'2a8c     0x4  startup_stm32f30x.o [1]
  .text              ro code   0x800'2a90     0x4  startup_stm32f30x.o [1]
  .text              ro code   0x800'2a94     0x4  startup_stm32f30x.o [1]
  .text              ro code   0x800'2a98     0x4  startup_stm32f30x.o [1]
  .text              ro code   0x800'2a9c     0x4  startup_stm32f30x.o [1]
  .text              ro code   0x800'2aa0     0x4  startup_stm32f30x.o [1]
  .text              ro code   0x800'2aa4     0x4  startup_stm32f30x.o [1]
  .text              ro code   0x800'2aa8     0x4  startup_stm32f30x.o [1]
  .text              ro code   0x800'2aac     0x4  startup_stm32f30x.o [1]
  .text              ro code   0x800'2ab0     0x4  startup_stm32f30x.o [1]
  .text              ro code   0x800'2ab4     0x4  startup_stm32f30x.o [1]
  .text              ro code   0x800'2ab8     0x4  startup_stm32f30x.o [1]
  .text              ro code   0x800'2abc     0x4  startup_stm32f30x.o [1]
  .text              ro code   0x800'2ac0     0x4  startup_stm32f30x.o [1]
  .text              ro code   0x800'2ac4     0x4  startup_stm32f30x.o [1]
  .text              ro code   0x800'2ac8     0x4  startup_stm32f30x.o [1]
  .text              ro code   0x800'2acc     0x4  startup_stm32f30x.o [1]
  .text              ro code   0x800'2ad0     0x4  startup_stm32f30x.o [1]
  .text              ro code   0x800'2ad4     0x4  startup_stm32f30x.o [1]
  .text              ro code   0x800'2ad8     0x4  startup_stm32f30x.o [1]
  .text              ro code   0x800'2adc     0x4  startup_stm32f30x.o [1]
  .text              ro code   0x800'2ae0     0x4  startup_stm32f30x.o [1]
  .text              ro code   0x800'2ae4     0x4  startup_stm32f30x.o [1]
  .text              ro code   0x800'2ae8     0x4  startup_stm32f30x.o [1]
  .text              ro code   0x800'2aec     0x4  startup_stm32f30x.o [1]
  .text              ro code   0x800'2af0     0x4  startup_stm32f30x.o [1]
  .text              ro code   0x800'2af4     0x4  startup_stm32f30x.o [1]
  .text              ro code   0x800'2af8     0x4  startup_stm32f30x.o [1]
  .text              ro code   0x800'2afc     0x4  startup_stm32f30x.o [1]
  .text              ro code   0x800'2b00     0x4  startup_stm32f30x.o [1]
  .text              ro code   0x800'2b04     0x4  startup_stm32f30x.o [1]
  .text              ro code   0x800'2b08     0x4  startup_stm32f30x.o [1]
  .text              ro code   0x800'2b0c     0x4  startup_stm32f30x.o [1]
  .text              ro code   0x800'2b10     0x4  startup_stm32f30x.o [1]
  .text              ro code   0x800'2b14     0x4  startup_stm32f30x.o [1]
  .text              ro code   0x800'2b18     0x4  startup_stm32f30x.o [1]
  .text              ro code   0x800'2b1c     0x4  startup_stm32f30x.o [1]
  .text              ro code   0x800'2b20     0x4  startup_stm32f30x.o [1]
  .text              ro code   0x800'2b24     0x4  startup_stm32f30x.o [1]
  .text              ro code   0x800'2b28     0x4  startup_stm32f30x.o [1]
  .text              ro code   0x800'2b2c     0x4  startup_stm32f30x.o [1]
  .text              ro code   0x800'2b30     0x4  startup_stm32f30x.o [1]
  .text              ro code   0x800'2b34     0x4  startup_stm32f30x.o [1]
  .text              ro code   0x800'2b38     0x4  startup_stm32f30x.o [1]
  .text              ro code   0x800'2b3c     0x4  startup_stm32f30x.o [1]
  .text              ro code   0x800'2b40     0x4  startup_stm32f30x.o [1]
  .text              ro code   0x800'2b44     0x4  startup_stm32f30x.o [1]
  .text              ro code   0x800'2b48     0x4  startup_stm32f30x.o [1]
  .text              ro code   0x800'2b4c     0x4  startup_stm32f30x.o [1]
  .text              ro code   0x800'2b50     0x4  startup_stm32f30x.o [1]
  .text              ro code   0x800'2b54     0x4  startup_stm32f30x.o [1]
  .text              ro code   0x800'2b58     0x4  startup_stm32f30x.o [1]
  .text              ro code   0x800'2b5c     0x4  startup_stm32f30x.o [1]
  .text              ro code   0x800'2b60     0x4  startup_stm32f30x.o [1]
  .text              ro code   0x800'2b64     0x4  startup_stm32f30x.o [1]
  .text              ro code   0x800'2b68     0x4  startup_stm32f30x.o [1]
  .text              ro code   0x800'2b6c     0x4  startup_stm32f30x.o [1]
  .text              ro code   0x800'2b70     0x0  cstart_closeall.o [4]
  .rodata            const     0x800'2b70     0x0  zero_init3.o [4]
  .rodata            const     0x800'2b70     0x0  lz77_init_single.o [4]
  Initializer bytes  const     0x800'2b70    0x6e  <for P2-1>
                             - 0x800'2bde  0x2a56

"P2", part 1 of 3:                          0x13c
  P2-1                        0x2000'0000   0x13c  <Init block>
    .data            inited   0x2000'0000     0x4  main.o [1]
    .data            inited   0x2000'0004    0x48  xfiles.o [2]
    .data            inited   0x2000'004c    0x48  xfiles.o [2]
    .data            inited   0x2000'0094    0x48  xfiles.o [2]
    .data            inited   0x2000'00dc    0x20  xfiles.o [2]
    .data            inited   0x2000'00fc     0x8  XShttio.o [2]
    .data            inited   0x2000'0104    0x38  xlocale_c.o [2]
                            - 0x2000'013c   0x13c

"P2", part 2 of 3:                          0x140
  .bss               zero     0x2000'013c    0x80  XShHandles.o [2]
  .bss               zero     0x2000'01bc    0x50  xfiles.o [2]
  .bss               zero     0x2000'020c    0x50  xfiles.o [2]
  .bss               zero     0x2000'025c     0x8  heap0.o [2]
  .bss               zero     0x2000'0264     0x4  main.o [1]
  .bss               zero     0x2000'0268     0x4  main.o [1]
  .bss               zero     0x2000'026c     0x4  main.o [1]
  .bss               zero     0x2000'0270     0x4  xgetmemchunk.o [2]
  .bss               zero     0x2000'0274     0x4  xfail_s.o [2]
  .bss               zero     0x2000'0278     0x1  XShttio.o [2]
                            - 0x2000'0279   0x13d

"P2", part 3 of 3:                         0x4000
  CSTACK                      0x2000'0280  0x2000  <Block>
    CSTACK           uninit   0x2000'0280  0x2000  <Block tail>
  HEAP                        0x2000'2280  0x2000  <Block>
    HEAP             uninit   0x2000'2280  0x2000  <Block tail>
                            - 0x2000'4280  0x4000

Unused ranges:

         From           To      Size
         ----           --      ----
   0x800'2bde   0x803'ffff  0x3'd422
  0x2000'027c  0x2000'027f       0x4
  0x2000'4280  0x2000'9fff    0x5d80


*******************************************************************************
*** INIT TABLE
***

          Address      Size
          -------      ----
Zero (__iar_zero_init3)
    1 destination range, total size 0x13d:
          0x2000'013c  0x13d

Copy/lz77 (__iar_lz77_init_single3)
    1 source range, total size 0x6e (34% of destination):
           0x800'2b70   0x6e
    1 destination range, total size 0x13c:
          0x2000'0000  0x13c



*******************************************************************************
*** MODULE SUMMARY
***

    Module               ro code  ro data  rw data
    ------               -------  -------  -------
command line/config:
    ----------------------------------------------
    Total:

C:\Users\itama\Desktop\Laboratorio di Misure a Microcontrollore\Esercizi\Esercizio Interrput 02\Debug\Obj: [1]
    main.o                   588      101       16
    startup_stm32f30x.o      708
    system_stm32f30x.o       280
    ----------------------------------------------
    Total:                 1'576      101       16

dl7M_tlf.a: [2]
    XShHandles.o             204               128
    XShttio.o                 60        3        9
    abort.o                    6
    exit.o                     4
    fclose.o                 126
    fflush.o                 172
    fputc.o                   84
    fseek.o                   36
    heap0.o                  316                 8
    heaptramp0.o               4
    low_level_init.o           4
    printf.o                  40
    putchar.o                 12
    xcloseall.o               60
    xfail_s.o                 64                 4
    xfgpos.o                  12
    xfiles.o                           86      408
    xfofind.o                156
    xfspos.o                 216
    xfwprep.o                180
    xgetmemchunk.o            44                 4
    xlocale_c.o                8       23       56
    xprintflarge_nomb.o    3'506
    xprout.o                  22
    ----------------------------------------------
    Total:                 5'336      112      617

m7M_tl.a: [3]
    DblAdd.o                 362
    DblDiv.o                 582
    DblMul.o                 418
    DblSub.o                 226
    DblToFlt.o               104
    DblToU32.o                40
    FltDiv.o                 252
    FltMul.o                 216
    FltToDbl.o                72
    FltToU32.o                34
    S32ToDbl.o                34
    U32ToDbl.o                26
    U32ToFlt.o                28
    frexp.o                  112
    ----------------------------------------------
    Total:                 2'506

rt7M_tl.a: [4]
    ABImemcpy.o              166
    I64DivMod.o              560
    I64DivZer.o                2
    cexit.o                   14
    cmain.o                   30
    cstart_closeall.o
    cstartup_M.o              12
    data_init.o               40
    lz77_init_single.o       120
    memchr.o                  88
    strchr.o                  22
    strlen.o                  54
    zero_init3.o              58
    ----------------------------------------------
    Total:                 1'166

shb_l.a: [5]
    close.o                   24
    dwrite.o                  30
    exit.o                    20
    iarttio.o                124
    iarwrite.o                34
    iarwstd.o                 32
    lseek.o                   74
    remove.o                  20
    write.o                   16
    ----------------------------------------------
    Total:                   374

    Gaps                      27
    Linker created                     32   16'384
--------------------------------------------------
    Grand Total:          10'985      245   17'017


*******************************************************************************
*** ENTRY LIST
***

Entry                       Address   Size  Type      Object
-----                       -------   ----  ----      ------
.iar.init_table$$Base    0x800'2978          --   Gb  - Linker created -
.iar.init_table$$Limit   0x800'2998          --   Gb  - Linker created -
?main                    0x800'2999         Code  Gb  cmain.o [4]
Aldata                  0x2000'025c    0x8  Data  Lc  heap0.o [2]
CSTACK$$Base            0x2000'0280          --   Gb  - Linker created -
CSTACK$$Limit           0x2000'2280          --   Gb  - Linker created -
EXTI0_IRQHandler         0x800'1bef   0xba  Code  Gb  main.o [1]
HEAP$$Base              0x2000'2280          --   Gb  - Linker created -
HEAP$$Limit             0x2000'4280          --   Gb  - Linker created -
Region$$Table$$Base      0x800'2978          --   Gb  - Linker created -
Region$$Table$$Limit     0x800'2998          --   Gb  - Linker created -
SetSysClock              0x800'221f   0x9a  Code  Lc  system_stm32f30x.o [1]
SystemInit               0x800'21c9   0x56  Code  Gb  system_stm32f30x.o [1]
TIM3_IRQHandler          0x800'1ca9   0x3a  Code  Gb  main.o [1]
T_max                   0x2000'0000    0x4  Data  Gb  main.o [1]
Tclk1                   0x2000'0268    0x4  Data  Gb  main.o [1]
_Close_all               0x800'28e9   0x3c  Code  Gb  xcloseall.o [2]
_Files                  0x2000'00dc   0x20  Data  Gb  xfiles.o [2]
_Fofree                  0x800'26d1   0x96  Code  Gb  xfofind.o [2]
_Fspos                   0x800'22e1   0xd8  Code  Gb  xfspos.o [2]
_Fwprep                  0x800'25f9   0xb4  Code  Gb  xfwprep.o [2]
_LitobLargeNoMb          0x800'0d0f  0x10a  Code  Lc  xprintflarge_nomb.o [2]
_Locale_lconv           0x2000'0104   0x38  Data  Lc  xlocale_c.o [2]
_Nnl                     0x800'2465    0xc  Code  Gb  xfgpos.o [2]
_PrintfLargeNoMb         0x800'0189  0xb80  Code  Gb  xprintflarge_nomb.o [2]
_Prout                   0x800'29cf   0x16  Code  Gb  xprout.o [2]
_PutcharLargeNoMb        0x800'0e81   0x20  Code  Lc  xprintflarge_nomb.o [2]
_PutcharsLargeNoMb       0x800'0ea1   0x2e  Code  Lc  xprintflarge_nomb.o [2]
__aeabi_d2f              0x800'1d75         Code  Gb  DblToFlt.o [3]
__aeabi_d2uiz            0x800'13bd         Code  Gb  DblToU32.o [3]
__aeabi_ddiv             0x800'1175         Code  Gb  DblDiv.o [3]
__aeabi_dmul             0x800'14e5         Code  Gb  DblMul.o [3]
__aeabi_dsub             0x800'1401         Code  Gb  DblSub.o [3]
__aeabi_f2d              0x800'2019         Code  Gb  FltToDbl.o [3]
__aeabi_f2uiz            0x800'1ef5         Code  Gb  FltToU32.o [3]
__aeabi_fdiv             0x800'1df9         Code  Gb  FltDiv.o [3]
__aeabi_fmul             0x800'1f41         Code  Gb  FltMul.o [3]
__aeabi_i2d              0x800'1d51         Code  Gb  S32ToDbl.o [3]
__aeabi_ldiv0            0x800'1a35         Code  Gb  I64DivZer.o [4]
__aeabi_memcpy           0x800'105d         Code  Gb  ABImemcpy.o [4]
__aeabi_memcpy4          0x800'107d         Code  Gb  ABImemcpy.o [4]
__aeabi_memcpy8          0x800'107d         Code  Gb  ABImemcpy.o [4]
__aeabi_ui2d             0x800'13e5         Code  Gb  U32ToDbl.o [3]
__aeabi_ui2f             0x800'1ddd         Code  Gb  U32ToFlt.o [3]
__aeabi_uldivmod         0x800'1691         Code  Gb  I64DivMod.o [4]
__basic_free             0x800'210d   0x16  Code  Gb  heap0.o [2]
__basic_free_intern      0x800'2123   0x74  Code  Lc  heap0.o [2]
__basic_malloc           0x800'2061   0x18  Code  Gb  heap0.o [2]
__basic_malloc_intern    0x800'2079   0x94  Code  Lc  heap0.o [2]
__cexit_closeall         0x800'29c3         Code  Gb  cexit.o [4]
__close                  0x800'27ef   0x18  Code  Gb  close.o [5]
__cmain                  0x800'2999         Code  Gb  cmain.o [4]
__cstart_closeall        0x800'2b70         Data  Gb  cstart_closeall.o [4]
__data_GetMemChunk       0x800'219d   0x2c  Code  Gb  xgetmemchunk.o [2]
__data_GetMemChunk::start
                        0x2000'0270    0x4  Data  Lc  xgetmemchunk.o [2]
__dwrite                 0x800'2599   0x1e  Code  Gb  dwrite.o [5]
__exit                   0x800'1a39   0x14  Code  Gb  exit.o [5]
__iar_Fail_s             0x800'0f8d   0x1c  Code  Gb  xfail_s.o [2]
__iar_Memchr             0x800'1005         Code  Gb  memchr.o [4]
__iar_Stderr            0x2000'0094   0x48  Data  Gb  xfiles.o [2]
__iar_Stdin             0x2000'0004   0x48  Data  Gb  xfiles.o [2]
__iar_Stdout            0x2000'004c   0x48  Data  Gb  xfiles.o [2]
__iar_Strchr             0x800'0f75         Code  Gb  strchr.o [4]
__iar_close_ttio         0x800'1a4d   0x2c  Code  Gb  iarttio.o [5]
__iar_dadd               0x800'1411         Code  Gb  DblSub.o [3]
__iar_data_init3         0x800'2951   0x28  Code  Gb  data_init.o [4]
__iar_dsub               0x800'18c9         Code  Gb  DblAdd.o [3]
__iar_dsubStart          0x800'18db         Code  Gb  DblAdd.o [3]
__iar_frexp              0x800'1111         Code  Gb  frexp.o [3]
__iar_frexp64            0x800'1105         Code  Gb  frexp.o [3]
__iar_frexpl             0x800'1111         Code  Gb  frexp.o [3]
__iar_get_ttio           0x800'1a79   0x4c  Code  Gb  iarttio.o [5]
__iar_lookup_ttioh       0x800'1af7    0x4  Code  Gb  XShttio.o [2]
__iar_lz77_init_single3
                         0x800'281b   0x78  Code  Gb  lz77_init_single.o [4]
__iar_program_start      0x800'2a39         Code  Gb  cstartup_M.o [4]
__iar_sh_Discard         0x800'24cd   0x42  Code  Gb  XShHandles.o [2]
__iar_sh_Move            0x800'250f   0x46  Code  Gb  XShHandles.o [2]
__iar_sh_Pos             0x800'2555   0x3e  Code  Gb  XShHandles.o [2]
__iar_sh_stdout          0x800'25b7   0x20  Code  Gb  iarwstd.o [5]
__iar_sh_write           0x800'25d7   0x22  Code  Gb  iarwrite.o [5]
__iar_ttio_guard_lock    0x800'1ac9   0x1e  Code  Gb  XShttio.o [2]
__iar_ttio_guard_unlock
                         0x800'1ae7   0x10  Code  Gb  XShttio.o [2]
__iar_ttio_handles      0x2000'00fc    0x8  Data  Lc  XShttio.o [2]
__iar_zero_init3         0x800'0f3b   0x3a  Code  Gb  zero_init3.o [4]
__low_level_init         0x800'29b7    0x4  Code  Gb  low_level_init.o [2]
__lseek                  0x800'2471   0x4a  Code  Gb  lseek.o [5]
__vector_table           0x800'0000         Data  Gb  startup_stm32f30x.o [1]
__write                  0x800'24bb   0x10  Code  Gb  write.o [5]
_call_main               0x800'29a5         Code  Gb  cmain.o [4]
_exit                    0x800'29c1         Code  Gb  cexit.o [4]
_main                    0x800'29b3         Code  Gb  cmain.o [4]
abort                    0x800'18c1    0x6  Code  Gb  abort.o [2]
ebuf                    0x2000'01bc   0x50  Data  Lc  xfiles.o [2]
exit                     0x800'29bb    0x4  Code  Gb  exit.o [2]
fclose                   0x800'2771   0x7e  Code  Gb  fclose.o [2]
fflush                   0x800'242d   0x34  Code  Gb  fflush.o [2]
fflushOne                0x800'23b9   0x74  Code  Lc  fflush.o [2]
flag                    0x2000'026c    0x4  Data  Gb  main.o [1]
fputc                    0x800'2893   0x54  Code  Gb  fputc.o [2]
free                     0x800'276d    0x4  Code  Gb  heaptramp0.o [2]
frexp                    0x800'1105         Code  Gb  frexp.o [3]
frexpl                   0x800'1105         Code  Gb  frexp.o [3]
fseek                    0x800'26ad   0x24  Code  Gb  fseek.o [2]
localeconv               0x800'1689    0x4  Code  Gb  xlocale_c.o [2]
main                     0x800'1b05   0xea  Code  Gb  main.o [1]
memchr                   0x800'1005         Code  Gb  memchr.o [4]
obuf                    0x2000'020c   0x50  Data  Lc  xfiles.o [2]
printf                   0x800'1f19   0x28  Code  Gb  printf.o [2]
putchar                  0x800'29e5    0xc  Code  Gb  putchar.o [2]
remove                   0x800'2807   0x14  Code  Gb  remove.o [5]
sFileInfo               0x2000'013c   0x80  Data  Lc  XShHandles.o [2]
scale                    0x800'0e19   0x46  Code  Lc  xprintflarge_nomb.o [2]
sec_hand                0x2000'0274    0x4  Data  Lc  xfail_s.o [2]
strchr                   0x800'0f75         Code  Gb  strchr.o [4]
strlen                   0x800'0fcd         Code  Gb  strlen.o [4]
tempo                   0x2000'0264    0x4  Data  Gb  main.o [1]
ttio_guard              0x2000'0278    0x1  Data  Lc  XShttio.o [2]


[1] = C:\Users\itama\Desktop\Laboratorio di Misure a Microcontrollore\Esercizi\Esercizio Interrput 02\Debug\Obj
[2] = dl7M_tlf.a
[3] = m7M_tl.a
[4] = rt7M_tl.a
[5] = shb_l.a

  10'985 bytes of readonly  code memory
     245 bytes of readonly  data memory
  17'017 bytes of readwrite data memory

Errors: none
Warnings: none
