###############################################################################
#
# IAR ELF Linker V8.50.6.265/W32 for ARM                  28/Nov/2020  17:37:32
# Copyright 2007-2020 IAR Systems AB.
#
#    Output file  =
#        C:\Users\itama\Desktop\Laboratorio di Misure a
#        Microcontrollore\Esercizi\Esercizio ADC 01\Debug\Exe\Esercizio 3.out
#    Map file     =
#        C:\Users\itama\Desktop\Laboratorio di Misure a
#        Microcontrollore\Esercizi\Esercizio ADC 01\Debug\List\Esercizio 3.map
#    Command line =
#        -f C:\Users\itama\AppData\Local\Temp\EWADDC.tmp
#        ("C:\Users\itama\Desktop\Laboratorio di Misure a
#        Microcontrollore\Esercizi\Esercizio ADC 01\Debug\Obj\main.o"
#        --no_out_extension -o "C:\Users\itama\Desktop\Laboratorio di Misure a
#        Microcontrollore\Esercizi\Esercizio ADC 01\Debug\Exe\Esercizio 3.out"
#        --map "C:\Users\itama\Desktop\Laboratorio di Misure a
#        Microcontrollore\Esercizi\Esercizio ADC 01\Debug\List\Esercizio 3.map"
#        --config "C:\Program Files (x86)\IAR Systems\Embedded Workbench
#        8.4\arm\config\linker\ST\stm32f303xC.icf" --semihosting --entry
#        __iar_program_start --vfe --text_out locale)
#
###############################################################################

*******************************************************************************
*** RUNTIME MODEL ATTRIBUTES
***

CppFlavor       = *
__Heap_Handler  = Basic
__SystemLibrary = DLib
__dlib_version  = 6


*******************************************************************************
*** HEAP SELECTION
***

The basic heap was selected because some modules are built with
size limitations (and not runtime checking), and --advanced_heap
was not specified.


*******************************************************************************
*** PLACEMENT SUMMARY
***

"A0":  place at address 0x800'0000 { ro section .intvec };
"P1":  place in [from 0x800'0000 to 0x803'ffff] { ro };
define block CSTACK with size = 8K, alignment = 8 { };
define block HEAP with size = 8K, alignment = 8 { };
"P2":  place in [from 0x2000'0000 to 0x2000'9fff] {
          rw, block CSTACK, block HEAP };
initialize by copy { rw };

No sections matched the following patterns:

  section .ccmram  in "P3"


  Section            Kind         Address    Size  Object
  -------            ----         -------    ----  ------
"A0":                                        0x40
  .intvec            ro code   0x800'0000    0x40  vector_table_M.o [4]
                             - 0x800'0040    0x40

"P1":                                      0x2752
  .text              ro code   0x800'0040   0xdb2  xprintflarge_nomb.o [2]
  .text              ro code   0x800'0df2    0x3a  zero_init3.o [4]
  .text              ro code   0x800'0e2c    0x16  strchr.o [4]
  .rodata            const     0x800'0e42     0x2  xlocale_c.o [2]
  .text              ro code   0x800'0e44    0x40  xfail_s.o [2]
  .text              ro code   0x800'0e84    0x36  strlen.o [4]
  .text              ro code   0x800'0eba     0x2  vector_table_M.o [4]
  .text              ro code   0x800'0ebc    0x58  memchr.o [4]
  .text              ro code   0x800'0f14    0x76  ABImemcpy_unaligned.o [4]
  .rodata            const     0x800'0f8a     0x1  xlocale_c.o [2]
  .text              ro code   0x800'0f8c    0x70  frexp.o [3]
  .text              ro code   0x800'0ffc   0x246  DblDiv.o [3]
  .text              ro code   0x800'1244    0x28  DblToU32.o [3]
  .text              ro code   0x800'126c    0x1a  U32ToDbl.o [3]
  .text              ro code   0x800'1288    0xe2  DblSub.o [3]
  .text              ro code   0x800'136c   0x1a2  DblMul.o [3]
  .text              ro code   0x800'1510     0x8  xlocale_c.o [2]
  .text              ro code   0x800'1518   0x230  I64DivMod.o [4]
  .text              ro code   0x800'1748     0x6  abort.o [2]
  .text              ro code   0x800'1750   0x17a  DblAdd.o [3]
  .text              ro code   0x800'18cc     0x2  I64DivZer.o [4]
  .text              ro code   0x800'18d0    0x14  exit.o [5]
  .text              ro code   0x800'18e4    0x7c  iarttio.o [5]
  .text              ro code   0x800'1960    0x3c  XShttio.o [2]
  .text              ro code   0x800'199c   0x2fc  main.o [1]
  .text              ro code   0x800'1c98    0x68  DblToFlt.o [3]
  .text              ro code   0x800'1d00    0x48  FltToDbl.o [3]
  .text              ro code   0x800'1d48    0x28  printf.o [2]
  .text              ro code   0x800'1d70   0x102  sqrt.o [3]
  .text              ro code   0x800'1e74   0x13c  heap0.o [2]
  .text              ro code   0x800'1fb0    0x2c  xgetmemchunk.o [2]
  .text              ro code   0x800'1fdc    0xd8  xfspos.o [2]
  .text              ro code   0x800'20b4    0xac  fflush.o [2]
  .text              ro code   0x800'2160     0xc  xfgpos.o [2]
  .text              ro code   0x800'216c    0x4a  lseek.o [5]
  .text              ro code   0x800'21b6    0x10  write.o [5]
  .text              ro code   0x800'21c8    0xcc  XShHandles.o [2]
  .text              ro code   0x800'2294    0x1e  dwrite.o [5]
  .text              ro code   0x800'22b2    0x20  iarwstd.o [5]
  .text              ro code   0x800'22d2    0x22  iarwrite.o [5]
  .text              ro code   0x800'22f4    0xb4  xfwprep.o [2]
  .text              ro code   0x800'23a8    0x24  fseek.o [2]
  .text              ro code   0x800'23cc    0x9c  xfofind.o [2]
  .text              ro code   0x800'2468     0x4  heaptramp0.o [2]
  .text              ro code   0x800'246c    0x7e  fclose.o [2]
  .text              ro code   0x800'24ea    0x18  close.o [5]
  .text              ro code   0x800'2502    0x14  remove.o [5]
  .text              ro code   0x800'2516    0x78  lz77_init_single.o [4]
  .text              ro code   0x800'258e    0x54  fputc.o [2]
  .text              ro code   0x800'25e4    0x3c  xcloseall.o [2]
  .rodata            const     0x800'2620    0x30  main.o [1]
  .text              ro code   0x800'2650    0x28  data_init.o [4]
  .text              ro code   0x800'2678    0x22  fpinit_M.o [3]
  .iar.init_table    const     0x800'269c    0x20  - Linker created -
  .text              ro code   0x800'26bc    0x1e  cmain.o [4]
  .text              ro code   0x800'26da     0x4  low_level_init.o [2]
  .text              ro code   0x800'26de     0x4  exit.o [2]
  .text              ro code   0x800'26e4     0xe  cexit.o [4]
  .text              ro code   0x800'26f2    0x16  xprout.o [2]
  .text              ro code   0x800'2708     0xc  putchar.o [2]
  .text              ro code   0x800'2714     0xc  cstartup_M.o [4]
  .rodata            const     0x800'2720     0x8  main.o [1]
  .text              ro code   0x800'2728     0x0  cstart_closeall.o [4]
  .rodata            const     0x800'2728     0x0  zero_init3.o [4]
  .rodata            const     0x800'2728     0x0  lz77_init_single.o [4]
  Initializer bytes  const     0x800'2728    0x6a  <for P2-1>
                             - 0x800'2792  0x2752

"P2", part 1 of 3:                          0x138
  P2-1                        0x2000'0000   0x138  <Init block>
    .data            inited   0x2000'0000    0x48  xfiles.o [2]
    .data            inited   0x2000'0048    0x48  xfiles.o [2]
    .data            inited   0x2000'0090    0x48  xfiles.o [2]
    .data            inited   0x2000'00d8    0x20  xfiles.o [2]
    .data            inited   0x2000'00f8     0x8  XShttio.o [2]
    .data            inited   0x2000'0100    0x38  xlocale_c.o [2]
                            - 0x2000'0138   0x138

"P2", part 2 of 3:                          0x13c
  .bss               zero     0x2000'0138    0x80  XShHandles.o [2]
  .bss               zero     0x2000'01b8    0x50  xfiles.o [2]
  .bss               zero     0x2000'0208    0x50  xfiles.o [2]
  .bss               zero     0x2000'0258     0x8  heap0.o [2]
  .bss               zero     0x2000'0260     0x4  main.o [1]
  .bss               zero     0x2000'0264     0x4  main.o [1]
  .bss               zero     0x2000'0268     0x4  xgetmemchunk.o [2]
  .bss               zero     0x2000'026c     0x4  xfail_s.o [2]
  .bss               zero     0x2000'0270     0x1  XShttio.o [2]
                            - 0x2000'0271   0x139

"P2", part 3 of 3:                         0x4000
  CSTACK                      0x2000'0278  0x2000  <Block>
    CSTACK           uninit   0x2000'0278  0x2000  <Block tail>
  HEAP                        0x2000'2278  0x2000  <Block>
    HEAP             uninit   0x2000'2278  0x2000  <Block tail>
                            - 0x2000'4278  0x4000

Unused ranges:

         From           To      Size
         ----           --      ----
   0x800'2792   0x803'ffff  0x3'd86e
  0x2000'0274  0x2000'0277       0x4
  0x2000'4278  0x2000'9fff    0x5d88


*******************************************************************************
*** INIT TABLE
***

          Address      Size
          -------      ----
Zero (__iar_zero_init3)
    1 destination range, total size 0x139:
          0x2000'0138  0x139

Copy/lz77 (__iar_lz77_init_single3)
    1 source range, total size 0x6a (33% of destination):
           0x800'2728   0x6a
    1 destination range, total size 0x138:
          0x2000'0000  0x138



*******************************************************************************
*** MODULE SUMMARY
***

    Module                 ro code  ro data  rw data
    ------                 -------  -------  -------
command line/config:
    ------------------------------------------------
    Total:

C:\Users\itama\Desktop\Laboratorio di Misure a Microcontrollore\Esercizi\Esercizio ADC 01\Debug\Obj: [1]
    main.o                     764       56        8
    ------------------------------------------------
    Total:                     764       56        8

dl7M_tlf.a: [2]
    XShHandles.o               204               128
    XShttio.o                   60        2        9
    abort.o                      6
    exit.o                       4
    fclose.o                   126
    fflush.o                   172
    fputc.o                     84
    fseek.o                     36
    heap0.o                    316                 8
    heaptramp0.o                 4
    low_level_init.o             4
    printf.o                    40
    putchar.o                   12
    xcloseall.o                 60
    xfail_s.o                   64                 4
    xfgpos.o                    12
    xfiles.o                             84      408
    xfofind.o                  156
    xfspos.o                   216
    xfwprep.o                  180
    xgetmemchunk.o              44                 4
    xlocale_c.o                  8       23       56
    xprintflarge_nomb.o      3'506
    xprout.o                    22
    ------------------------------------------------
    Total:                   5'336      109      617

m7M_tls.a: [3]
    DblAdd.o                   378
    DblDiv.o                   582
    DblMul.o                   418
    DblSub.o                   226
    DblToFlt.o                 104
    DblToU32.o                  40
    FltToDbl.o                  72
    U32ToDbl.o                  26
    fpinit_M.o                  34
    frexp.o                    112
    sqrt.o                     258
    ------------------------------------------------
    Total:                   2'250

rt7M_tl.a: [4]
    ABImemcpy_unaligned.o      118
    I64DivMod.o                560
    I64DivZer.o                  2
    cexit.o                     14
    cmain.o                     30
    cstart_closeall.o
    cstartup_M.o                12
    data_init.o                 40
    lz77_init_single.o         120
    memchr.o                    88
    strchr.o                    22
    strlen.o                    54
    vector_table_M.o            66
    zero_init3.o                58
    ------------------------------------------------
    Total:                   1'184

shb_l.a: [5]
    close.o                     24
    dwrite.o                    30
    exit.o                      20
    iarttio.o                  124
    iarwrite.o                  34
    iarwstd.o                   32
    lseek.o                     74
    remove.o                    20
    write.o                     16
    ------------------------------------------------
    Total:                     374

    Gaps                        23        2
    Linker created                       32   16'384
----------------------------------------------------
    Grand Total:             9'931      199   17'009


*******************************************************************************
*** ENTRY LIST
***

Entry                       Address   Size  Type      Object
-----                       -------   ----  ----      ------
.iar.init_table$$Base    0x800'269c          --   Gb  - Linker created -
.iar.init_table$$Limit   0x800'26bc          --   Gb  - Linker created -
?main                    0x800'26bd         Code  Gb  cmain.o [4]
Aldata                  0x2000'0258    0x8  Data  Lc  heap0.o [2]
CSTACK$$Base            0x2000'0278          --   Gb  - Linker created -
CSTACK$$Limit           0x2000'2278          --   Gb  - Linker created -
HEAP$$Base              0x2000'2278          --   Gb  - Linker created -
HEAP$$Limit             0x2000'4278          --   Gb  - Linker created -
Region$$Table$$Base      0x800'269c          --   Gb  - Linker created -
Region$$Table$$Limit     0x800'26bc          --   Gb  - Linker created -
_Close_all               0x800'25e5   0x3c  Code  Gb  xcloseall.o [2]
_Files                  0x2000'00d8   0x20  Data  Gb  xfiles.o [2]
_Fofree                  0x800'23cd   0x96  Code  Gb  xfofind.o [2]
_Fspos                   0x800'1fdd   0xd8  Code  Gb  xfspos.o [2]
_Fwprep                  0x800'22f5   0xb4  Code  Gb  xfwprep.o [2]
_LitobLargeNoMb          0x800'0bc7  0x10a  Code  Lc  xprintflarge_nomb.o [2]
_Locale_lconv           0x2000'0100   0x38  Data  Lc  xlocale_c.o [2]
_Nnl                     0x800'2161    0xc  Code  Gb  xfgpos.o [2]
_PrintfLargeNoMb         0x800'0041  0xb80  Code  Gb  xprintflarge_nomb.o [2]
_Prout                   0x800'26f3   0x16  Code  Gb  xprout.o [2]
_PutcharLargeNoMb        0x800'0d39   0x20  Code  Lc  xprintflarge_nomb.o [2]
_PutcharsLargeNoMb       0x800'0d59   0x2e  Code  Lc  xprintflarge_nomb.o [2]
__aeabi_d2f              0x800'1c99         Code  Gb  DblToFlt.o [3]
__aeabi_d2uiz            0x800'1245         Code  Gb  DblToU32.o [3]
__aeabi_dadd             0x800'1751         Code  Gb  DblAdd.o [3]
__aeabi_ddiv             0x800'0ffd         Code  Gb  DblDiv.o [3]
__aeabi_dmul             0x800'136d         Code  Gb  DblMul.o [3]
__aeabi_dsub             0x800'1289         Code  Gb  DblSub.o [3]
__aeabi_f2d              0x800'1d01         Code  Gb  FltToDbl.o [3]
__aeabi_ldiv0            0x800'18cd         Code  Gb  I64DivZer.o [4]
__aeabi_ui2d             0x800'126d         Code  Gb  U32ToDbl.o [3]
__aeabi_uldivmod         0x800'1519         Code  Gb  I64DivMod.o [4]
__basic_free             0x800'1f21   0x16  Code  Gb  heap0.o [2]
__basic_free_intern      0x800'1f37   0x74  Code  Lc  heap0.o [2]
__basic_malloc           0x800'1e75   0x18  Code  Gb  heap0.o [2]
__basic_malloc_intern    0x800'1e8d   0x94  Code  Lc  heap0.o [2]
__cexit_closeall         0x800'26e7         Code  Gb  cexit.o [4]
__close                  0x800'24eb   0x18  Code  Gb  close.o [5]
__cmain                  0x800'26bd         Code  Gb  cmain.o [4]
__cstart_closeall        0x800'2728         Data  Gb  cstart_closeall.o [4]
__data_GetMemChunk       0x800'1fb1   0x2c  Code  Gb  xgetmemchunk.o [2]
__data_GetMemChunk::start
                        0x2000'0268    0x4  Data  Lc  xgetmemchunk.o [2]
__dwrite                 0x800'2295   0x1e  Code  Gb  dwrite.o [5]
__exit                   0x800'18d1   0x14  Code  Gb  exit.o [5]
__iar_Fail_s             0x800'0e45   0x1c  Code  Gb  xfail_s.o [2]
__iar_Memchr             0x800'0ebd         Code  Gb  memchr.o [4]
__iar_Stderr            0x2000'0090   0x48  Data  Gb  xfiles.o [2]
__iar_Stdin             0x2000'0000   0x48  Data  Gb  xfiles.o [2]
__iar_Stdout            0x2000'0048   0x48  Data  Gb  xfiles.o [2]
__iar_Strchr             0x800'0e2d         Code  Gb  strchr.o [4]
__iar_close_ttio         0x800'18e5   0x2c  Code  Gb  iarttio.o [5]
__iar_dadd               0x800'1299         Code  Gb  DblSub.o [3]
__iar_data_init3         0x800'2651   0x28  Code  Gb  data_init.o [4]
__iar_dsub               0x800'1761         Code  Gb  DblAdd.o [3]
__iar_dsubStart          0x800'1773         Code  Gb  DblAdd.o [3]
__iar_frexp              0x800'0f99         Code  Gb  frexp.o [3]
__iar_frexpl             0x800'0f99         Code  Gb  frexp.o [3]
__iar_get_ttio           0x800'1911   0x4c  Code  Gb  iarttio.o [5]
__iar_init_vfp           0x800'2679         Code  Gb  fpinit_M.o [3]
__iar_lookup_ttioh       0x800'198f    0x4  Code  Gb  XShttio.o [2]
__iar_lz77_init_single3
                         0x800'2517   0x78  Code  Gb  lz77_init_single.o [4]
__iar_program_start      0x800'2715         Code  Gb  cstartup_M.o [4]
__iar_sh_Discard         0x800'21c9   0x42  Code  Gb  XShHandles.o [2]
__iar_sh_Move            0x800'220b   0x46  Code  Gb  XShHandles.o [2]
__iar_sh_Pos             0x800'2251   0x3e  Code  Gb  XShHandles.o [2]
__iar_sh_stdout          0x800'22b3   0x20  Code  Gb  iarwstd.o [5]
__iar_sh_write           0x800'22d3   0x22  Code  Gb  iarwrite.o [5]
__iar_softfp___iar_frexp64
                         0x800'0f8d         Code  Gb  frexp.o [3]
__iar_softfp_frexp       0x800'0f8d         Code  Gb  frexp.o [3]
__iar_softfp_frexpl      0x800'0f8d         Code  Gb  frexp.o [3]
__iar_sqrt64             0x800'1d81         Code  Gb  sqrt.o [3]
__iar_ttio_guard_lock    0x800'1961   0x1e  Code  Gb  XShttio.o [2]
__iar_ttio_guard_unlock
                         0x800'197f   0x10  Code  Gb  XShttio.o [2]
__iar_ttio_handles      0x2000'00f8    0x8  Data  Lc  XShttio.o [2]
__iar_unaligned_memcpy   0x800'0f15         Code  Gb  ABImemcpy_unaligned.o [4]
__iar_unaligned_memcpy4
                         0x800'0f35         Code  Gb  ABImemcpy_unaligned.o [4]
__iar_unaligned_memcpy8
                         0x800'0f35         Code  Gb  ABImemcpy_unaligned.o [4]
__iar_vfp___iar_sqrt64   0x800'1d71         Code  Gb  sqrt.o [3]
__iar_vfp_sqrt           0x800'1d71         Code  Gb  sqrt.o [3]
__iar_vfp_sqrtl          0x800'1d71         Code  Gb  sqrt.o [3]
__iar_zero_init3         0x800'0df3   0x3a  Code  Gb  zero_init3.o [4]
__low_level_init         0x800'26db    0x4  Code  Gb  low_level_init.o [2]
__lseek                  0x800'216d   0x4a  Code  Gb  lseek.o [5]
__vector_table           0x800'0000         Data  Gb  vector_table_M.o [4]
__write                  0x800'21b7   0x10  Code  Gb  write.o [5]
_call_main               0x800'26c9         Code  Gb  cmain.o [4]
_exit                    0x800'26e5         Code  Gb  cexit.o [4]
_main                    0x800'26d7         Code  Gb  cmain.o [4]
abort                    0x800'1749    0x6  Code  Gb  abort.o [2]
ebuf                    0x2000'01b8   0x50  Data  Lc  xfiles.o [2]
exit                     0x800'26df    0x4  Code  Gb  exit.o [2]
fclose                   0x800'246d   0x7e  Code  Gb  fclose.o [2]
fflush                   0x800'2129   0x34  Code  Gb  fflush.o [2]
fflushOne                0x800'20b5   0x74  Code  Lc  fflush.o [2]
fputc                    0x800'258f   0x54  Code  Gb  fputc.o [2]
free                     0x800'2469    0x4  Code  Gb  heaptramp0.o [2]
fseek                    0x800'23a9   0x24  Code  Gb  fseek.o [2]
localeconv               0x800'1511    0x4  Code  Gb  xlocale_c.o [2]
main                     0x800'199d  0x2fc  Code  Gb  main.o [1]
memchr                   0x800'0ebd         Code  Gb  memchr.o [4]
obuf                    0x2000'0208   0x50  Data  Lc  xfiles.o [2]
printf                   0x800'1d49   0x28  Code  Gb  printf.o [2]
punt                    0x2000'0264    0x4  Data  Gb  main.o [1]
putchar                  0x800'2709    0xc  Code  Gb  putchar.o [2]
remove                   0x800'2503   0x14  Code  Gb  remove.o [5]
sFileInfo               0x2000'0138   0x80  Data  Lc  XShHandles.o [2]
scale                    0x800'0cd1   0x46  Code  Lc  xprintflarge_nomb.o [2]
sec_hand                0x2000'026c    0x4  Data  Lc  xfail_s.o [2]
sqrt                     0x800'1d81         Code  Gb  sqrt.o [3]
sqrtl                    0x800'1d81         Code  Gb  sqrt.o [3]
strchr                   0x800'0e2d         Code  Gb  strchr.o [4]
strlen                   0x800'0e85         Code  Gb  strlen.o [4]
ttio_guard              0x2000'0270    0x1  Data  Lc  XShttio.o [2]
volt                    0x2000'0260    0x4  Data  Gb  main.o [1]


[1] = C:\Users\itama\Desktop\Laboratorio di Misure a Microcontrollore\Esercizi\Esercizio ADC 01\Debug\Obj
[2] = dl7M_tlf.a
[3] = m7M_tls.a
[4] = rt7M_tl.a
[5] = shb_l.a

   9'931 bytes of readonly  code memory
     199 bytes of readonly  data memory
  17'009 bytes of readwrite data memory

Errors: none
Warnings: none
