###############################################################################
#
# IAR ELF Linker V8.50.6.265/W32 for ARM                  20/Nov/2020  16:37:53
# Copyright 2007-2020 IAR Systems AB.
#
#    Output file  =
#        C:\Users\itama\Desktop\Laboratorio di Misure a
#        Microcontrollore\Lezione Timer\Debug\Exe\Progetto 2.out
#    Map file     =
#        C:\Users\itama\Desktop\Laboratorio di Misure a
#        Microcontrollore\Lezione Timer\Debug\List\Progetto 2.map
#    Command line =
#        -f C:\Users\itama\AppData\Local\Temp\EWB09.tmp
#        ("C:\Users\itama\Desktop\Laboratorio di Misure a
#        Microcontrollore\Lezione Timer\Debug\Obj\main.o" --no_out_extension -o
#        "C:\Users\itama\Desktop\Laboratorio di Misure a
#        Microcontrollore\Lezione Timer\Debug\Exe\Progetto 2.out" --map
#        "C:\Users\itama\Desktop\Laboratorio di Misure a
#        Microcontrollore\Lezione Timer\Debug\List\Progetto 2.map" --config
#        "C:\Program Files (x86)\IAR Systems\Embedded Workbench
#        8.4\arm\config\linker\ST\stm32f303xC.icf" --semihosting --entry
#        __iar_program_start --vfe --text_out locale)
#
###############################################################################

*******************************************************************************
*** RUNTIME MODEL ATTRIBUTES
***

CppFlavor       = *
__SystemLibrary = DLib
__dlib_version  = 6


*******************************************************************************
*** HEAP SELECTION
***

The basic heap was selected because some modules are built with
size limitations (and not runtime checking), and --advanced_heap
was not specified.


*******************************************************************************
*** PLACEMENT SUMMARY
***

"A0":  place at address 0x800'0000 { ro section .intvec };
"P1":  place in [from 0x800'0000 to 0x803'ffff] { ro };
define block CSTACK with size = 8K, alignment = 8 { };
define block HEAP with size = 8K, alignment = 8 { };
"P2":  place in [from 0x2000'0000 to 0x2000'9fff] {
          rw, block CSTACK, block HEAP };
initialize by copy { rw };

No sections matched the following patterns:

  section .ccmram  in "P3"


  Section            Kind         Address    Size  Object
  -------            ----         -------    ----  ------
"A0":                                        0x40
  .intvec            ro code   0x800'0000    0x40  vector_table_M.o [4]
                             - 0x800'0040    0x40

"P1":                                      0x2058
  .text              ro code   0x800'0040   0xfa6  xprintffull_nomb.o [2]
  .text              ro code   0x800'0fe6     0x2  vector_table_M.o [4]
  .text              ro code   0x800'0fe8    0x16  strchr.o [4]
  .text              ro code   0x800'1000    0x40  xfail_s.o [2]
  .text              ro code   0x800'1040    0x36  strlen.o [4]
  .text              ro code   0x800'1078    0x58  memchr.o [4]
  .text              ro code   0x800'10d0    0x76  ABImemcpy_unaligned.o [4]
  .text              ro code   0x800'1148    0x70  frexp.o [3]
  .text              ro code   0x800'11b8    0x2e  DblCmpLe.o [3]
  .text              ro code   0x800'11e8    0x2e  DblCmpGe.o [3]
  .text              ro code   0x800'1218   0x13a  ldexp.o [3]
  .text              ro code   0x800'1354    0x3a  DblToS32.o [3]
  .text              ro code   0x800'1390    0x22  S32ToDbl.o [3]
  .text              ro code   0x800'13b4    0xe2  DblSub.o [3]
  .text              ro code   0x800'1498   0x246  DblDiv.o [3]
  .text              ro code   0x800'16e0    0x28  DblToU32.o [3]
  .text              ro code   0x800'1708    0x1a  U32ToDbl.o [3]
  .text              ro code   0x800'1724   0x1a2  DblMul.o [3]
  .text              ro code   0x800'18c8   0x230  I64DivMod.o [4]
  .text              ro code   0x800'1af8     0x6  abort.o [2]
  .text              ro code   0x800'1b00   0x16a  DblAdd.o [3]
  .text              ro code   0x800'1c6c     0x2  I64DivZer.o [4]
  .text              ro code   0x800'1c70    0x14  exit.o [5]
  .text              ro code   0x800'1c84    0x7c  iarttio.o [5]
  .text              ro code   0x800'1d00    0x3c  XShttio.o [2]
  .text              ro code   0x800'1d3c    0xf4  main.o [1]
  .text              ro code   0x800'1e30    0x48  FltToDbl.o [3]
  .text              ro code   0x800'1e78    0x68  DblToFlt.o [3]
  .text              ro code   0x800'1ee0    0x28  printf.o [2]
  .text              ro code   0x800'1f08    0x38  packbits_init_single.o [4]
  .text              ro code   0x800'1f40    0x28  data_init.o [4]
  .text              ro code   0x800'1f68    0x22  fpinit_M.o [3]
  .text              ro code   0x800'1f8a    0x22  iarwrite.o [5]
  .iar.init_table    const     0x800'1fac    0x10  - Linker created -
  .text              ro code   0x800'1fbc    0x20  putchar.o [2]
  .text              ro code   0x800'1fdc    0x10  write.o [5]
  .text              ro code   0x800'1fec    0x1e  dwrite.o [5]
  .text              ro code   0x800'200a    0x20  iarwstd.o [5]
  .text              ro code   0x800'202c    0x1e  cmain.o [4]
  .text              ro code   0x800'204a     0x4  low_level_init.o [2]
  .text              ro code   0x800'204e     0x4  exit.o [2]
  .text              ro code   0x800'2054     0xa  cexit.o [4]
  .text              ro code   0x800'205e    0x16  xprout.o [2]
  .rodata            const     0x800'2074     0xc  main.o [1]
  .text              ro code   0x800'2080     0xc  cstartup_M.o [4]
  .rodata            const     0x800'208c     0x8  xprintffull_nomb.o [2]
  .rodata            const     0x800'2094     0x0  packbits_init_single.o [4]
  Initializer bytes  const     0x800'2094     0x4  <for P2-1>
                             - 0x800'2098  0x2058

"P2", part 1 of 2:                           0x15
  P2-1                        0x2000'0000    0x15  <Init block>
    .data            inited   0x2000'0000     0x8  XShttio.o [2]
    .bss             inited   0x2000'0008     0x4  main.o [1]
    .bss             inited   0x2000'000c     0x4  main.o [1]
    .bss             inited   0x2000'0010     0x4  xfail_s.o [2]
    .bss             inited   0x2000'0014     0x1  XShttio.o [2]
                            - 0x2000'0015    0x15

"P2", part 2 of 2:                         0x2000
  CSTACK                      0x2000'0018  0x2000  <Block>
    CSTACK           uninit   0x2000'0018  0x2000  <Block tail>
                            - 0x2000'2018  0x2000

Unused ranges:

         From           To      Size
         ----           --      ----
   0x800'2098   0x803'ffff  0x3'df68
  0x2000'0015  0x2000'0017       0x3
  0x2000'2018  0x2000'9fff    0x7fe8


*******************************************************************************
*** INIT TABLE
***

          Address      Size
          -------      ----
Copy/packbits (__iar_packbits_init_single3)
    1 source range, total size 0x4 (19% of destination):
           0x800'2094   0x4
    1 destination range, total size 0x15:
          0x2000'0000  0x15



*******************************************************************************
*** MODULE SUMMARY
***

    Module                  ro code  ro data  rw data
    ------                  -------  -------  -------
command line/config:
    -------------------------------------------------
    Total:

C:\Users\itama\Desktop\Laboratorio di Misure a Microcontrollore\Lezione Timer\Debug\Obj: [1]
    main.o                      244       14        8
    -------------------------------------------------
    Total:                      244       14        8

dl7M_tln.a: [2]
    XShttio.o                    60        2        9
    abort.o                       6
    exit.o                        4
    low_level_init.o              4
    printf.o                     40
    putchar.o                    32
    xfail_s.o                    64                 4
    xprintffull_nomb.o        4'006        8
    xprout.o                     22
    -------------------------------------------------
    Total:                    4'238       10       13

m7M_tls.a: [3]
    DblAdd.o                    362
    DblCmpGe.o                   46
    DblCmpLe.o                   46
    DblDiv.o                    582
    DblMul.o                    418
    DblSub.o                    226
    DblToFlt.o                  104
    DblToS32.o                   58
    DblToU32.o                   40
    FltToDbl.o                   72
    S32ToDbl.o                   34
    U32ToDbl.o                   26
    fpinit_M.o                   34
    frexp.o                     112
    ldexp.o                     314
    -------------------------------------------------
    Total:                    2'474

rt7M_tl.a: [4]
    ABImemcpy_unaligned.o       118
    I64DivMod.o                 560
    I64DivZer.o                   2
    cexit.o                      10
    cmain.o                      30
    cstartup_M.o                 12
    data_init.o                  40
    memchr.o                     88
    packbits_init_single.o       56
    strchr.o                     22
    strlen.o                     54
    vector_table_M.o             66
    -------------------------------------------------
    Total:                    1'058

shb_l.a: [5]
    dwrite.o                     30
    exit.o                       20
    iarttio.o                   124
    iarwrite.o                   34
    iarwstd.o                    32
    write.o                      16
    -------------------------------------------------
    Total:                      256

    Gaps                         34
    Linker created                        16    8'192
-----------------------------------------------------
    Grand Total:              8'304       40    8'213


*******************************************************************************
*** ENTRY LIST
***

Entry                       Address   Size  Type      Object
-----                       -------   ----  ----      ------
.iar.init_table$$Base    0x800'1fac          --   Gb  - Linker created -
.iar.init_table$$Limit   0x800'1fbc          --   Gb  - Linker created -
?main                    0x800'202d         Code  Gb  cmain.o [4]
CSTACK$$Base            0x2000'0018          --   Gb  - Linker created -
CSTACK$$Limit           0x2000'2018          --   Gb  - Linker created -
Region$$Table$$Base      0x800'1fac          --   Gb  - Linker created -
Region$$Table$$Limit     0x800'1fbc          --   Gb  - Linker created -
_LitobFullNoMb           0x800'0de1  0x10a  Code  Lc  xprintffull_nomb.o [2]
_PrintfFullNoMb          0x800'0041  0xd7c  Code  Gb  xprintffull_nomb.o [2]
_Prout                   0x800'205f   0x16  Code  Gb  xprout.o [2]
_PutcharFullNoMb         0x800'0f51   0x20  Code  Lc  xprintffull_nomb.o [2]
_PutcharsFullNoMb        0x800'0f71   0x2e  Code  Lc  xprintffull_nomb.o [2]
__aeabi_cdcmple          0x800'11b9         Code  Gb  DblCmpLe.o [3]
__aeabi_cdrcmple         0x800'11e9         Code  Gb  DblCmpGe.o [3]
__aeabi_d2f              0x800'1e79         Code  Gb  DblToFlt.o [3]
__aeabi_d2iz             0x800'1355         Code  Gb  DblToS32.o [3]
__aeabi_d2uiz            0x800'16e1         Code  Gb  DblToU32.o [3]
__aeabi_ddiv             0x800'1499         Code  Gb  DblDiv.o [3]
__aeabi_dmul             0x800'1725         Code  Gb  DblMul.o [3]
__aeabi_dsub             0x800'13b5         Code  Gb  DblSub.o [3]
__aeabi_f2d              0x800'1e31         Code  Gb  FltToDbl.o [3]
__aeabi_i2d              0x800'1391         Code  Gb  S32ToDbl.o [3]
__aeabi_ldiv0            0x800'1c6d         Code  Gb  I64DivZer.o [4]
__aeabi_ui2d             0x800'1709         Code  Gb  U32ToDbl.o [3]
__aeabi_uldivmod         0x800'18c9         Code  Gb  I64DivMod.o [4]
__cmain                  0x800'202d         Code  Gb  cmain.o [4]
__dwrite                 0x800'1fed   0x1e  Code  Gb  dwrite.o [5]
__exit                   0x800'1c71   0x14  Code  Gb  exit.o [5]
__iar_Fail_s             0x800'1001   0x1c  Code  Gb  xfail_s.o [2]
__iar_Memchr             0x800'1079         Code  Gb  memchr.o [4]
__iar_Strchr             0x800'0fe9         Code  Gb  strchr.o [4]
__iar_close_ttio         0x800'1c85   0x2c  Code  Gb  iarttio.o [5]
__iar_dadd               0x800'13c5         Code  Gb  DblSub.o [3]
__iar_data_init3         0x800'1f41   0x28  Code  Gb  data_init.o [4]
__iar_dsub               0x800'1b01         Code  Gb  DblAdd.o [3]
__iar_dsubStart          0x800'1b13         Code  Gb  DblAdd.o [3]
__iar_frexp              0x800'1155         Code  Gb  frexp.o [3]
__iar_frexpl             0x800'1155         Code  Gb  frexp.o [3]
__iar_get_ttio           0x800'1cb1   0x4c  Code  Gb  iarttio.o [5]
__iar_init_vfp           0x800'1f69         Code  Gb  fpinit_M.o [3]
__iar_ldexp64            0x800'1219         Code  Gb  ldexp.o [3]
__iar_lookup_ttioh       0x800'1d2f    0x4  Code  Gb  XShttio.o [2]
__iar_packbits_init_single3
                         0x800'1f09   0x38  Code  Gb  packbits_init_single.o [4]
__iar_program_start      0x800'2081         Code  Gb  cstartup_M.o [4]
__iar_scalbln64          0x800'1219         Code  Gb  ldexp.o [3]
__iar_scalbn64           0x800'1219         Code  Gb  ldexp.o [3]
__iar_sh_stdout          0x800'200b   0x20  Code  Gb  iarwstd.o [5]
__iar_sh_write           0x800'1f8b   0x22  Code  Gb  iarwrite.o [5]
__iar_softfp___iar_frexp64
                         0x800'1149         Code  Gb  frexp.o [3]
__iar_softfp_frexp       0x800'1149         Code  Gb  frexp.o [3]
__iar_softfp_frexpl      0x800'1149         Code  Gb  frexp.o [3]
__iar_ttio_guard_lock    0x800'1d01   0x1e  Code  Gb  XShttio.o [2]
__iar_ttio_guard_unlock
                         0x800'1d1f   0x10  Code  Gb  XShttio.o [2]
__iar_ttio_handles      0x2000'0000    0x8  Data  Lc  XShttio.o [2]
__iar_unaligned_memcpy   0x800'10d1         Code  Gb  ABImemcpy_unaligned.o [4]
__iar_unaligned_memcpy4
                         0x800'10f1         Code  Gb  ABImemcpy_unaligned.o [4]
__iar_unaligned_memcpy8
                         0x800'10f1         Code  Gb  ABImemcpy_unaligned.o [4]
__low_level_init         0x800'204b    0x4  Code  Gb  low_level_init.o [2]
__vector_table           0x800'0000         Data  Gb  vector_table_M.o [4]
__write                  0x800'1fdd   0x10  Code  Gb  write.o [5]
_call_main               0x800'2039         Code  Gb  cmain.o [4]
_exit                    0x800'2055         Code  Gb  cexit.o [4]
_main                    0x800'2047         Code  Gb  cmain.o [4]
abort                    0x800'1af9    0x6  Code  Gb  abort.o [2]
delta_T                 0x2000'0008    0x4  Data  Gb  main.o [1]
exit                     0x800'204f    0x4  Code  Gb  exit.o [2]
ldexp                    0x800'1219         Code  Gb  ldexp.o [3]
ldexpl                   0x800'1219         Code  Gb  ldexp.o [3]
main                     0x800'1d3d   0xf4  Code  Gb  main.o [1]
memchr                   0x800'1079         Code  Gb  memchr.o [4]
printf                   0x800'1ee1   0x28  Code  Gb  printf.o [2]
punt                    0x2000'000c    0x4  Data  Gb  main.o [1]
putchar                  0x800'1fbd   0x20  Code  Gb  putchar.o [2]
scalbln                  0x800'1219         Code  Gb  ldexp.o [3]
scalblnl                 0x800'1219         Code  Gb  ldexp.o [3]
scalbn                   0x800'1219         Code  Gb  ldexp.o [3]
scalbnl                  0x800'1219         Code  Gb  ldexp.o [3]
scale                    0x800'0eeb   0x46  Code  Lc  xprintffull_nomb.o [2]
sec_hand                0x2000'0010    0x4  Data  Lc  xfail_s.o [2]
strchr                   0x800'0fe9         Code  Gb  strchr.o [4]
strlen                   0x800'1041         Code  Gb  strlen.o [4]
ttio_guard              0x2000'0014    0x1  Data  Lc  XShttio.o [2]


[1] = C:\Users\itama\Desktop\Laboratorio di Misure a Microcontrollore\Lezione Timer\Debug\Obj
[2] = dl7M_tln.a
[3] = m7M_tls.a
[4] = rt7M_tl.a
[5] = shb_l.a

  8'304 bytes of readonly  code memory
     40 bytes of readonly  data memory
  8'213 bytes of readwrite data memory

Errors: none
Warnings: none
